Archive member included because of file (symbol)

C:/NXP/S32DS_ARM_v1.3/S32DS/arm_ewl2/lib/armv6-m\libc99.a(sprintf.o)
                              ./src/parsecommands.o (sprintf)
C:/NXP/S32DS_ARM_v1.3/S32DS/arm_ewl2/lib/armv6-m\libc99.a(sscanf.o)
                              ./src/main.o (sscanf)
C:/NXP/S32DS_ARM_v1.3/S32DS/arm_ewl2/lib/armv6-m\libc99.a(vsnprintf.o)
                              C:/NXP/S32DS_ARM_v1.3/S32DS/arm_ewl2/lib/armv6-m\libc99.a(sprintf.o) (vsnprintf)
C:/NXP/S32DS_ARM_v1.3/S32DS/arm_ewl2/lib/armv6-m\libc99.a(vsscanf.o)
                              C:/NXP/S32DS_ARM_v1.3/S32DS/arm_ewl2/lib/armv6-m\libc99.a(sscanf.o) (vsscanf)
C:/NXP/S32DS_ARM_v1.3/S32DS/arm_ewl2/lib/armv6-m\libc99.a(exit.o)
                              C:/NXP/S32DS_ARM_v1.3/S32DS/arm_ewl2/lib/armv6-m/__arm_start.o (exit)
C:/NXP/S32DS_ARM_v1.3/S32DS/arm_ewl2/lib/armv6-m\libc99.a(memcpy.o)
                              ./src/parsecommands.o (memcpy)
C:/NXP/S32DS_ARM_v1.3/S32DS/arm_ewl2/lib/armv6-m\libc99.a(memset.o)
                              C:/NXP/S32DS_ARM_v1.3/S32DS/arm_ewl2/lib/armv6-m/__arm_start.o (memset)
C:/NXP/S32DS_ARM_v1.3/S32DS/arm_ewl2/lib/armv6-m\libc99.a(strcat.o)
                              ./src/parsecommands.o (strcat)
C:/NXP/S32DS_ARM_v1.3/S32DS/arm_ewl2/lib/armv6-m\libc99.a(strcmp.o)
                              ./src/parsecommands.o (strcmp)
C:/NXP/S32DS_ARM_v1.3/S32DS/arm_ewl2/lib/armv6-m\libc99.a(strlen.o)
                              ./src/parsecommands.o (strlen)
C:/NXP/S32DS_ARM_v1.3/S32DS/arm_ewl2/lib/armv6-m\libc99.a(fgetwc.o)
                              C:/NXP/S32DS_ARM_v1.3/S32DS/arm_ewl2/lib/armv6-m\libc99.a(sprintf.o) (getwc)
C:/NXP/S32DS_ARM_v1.3/S32DS/arm_ewl2/lib/armv6-m\libc99.a(__wgetchar.o)
                              C:/NXP/S32DS_ARM_v1.3/S32DS/arm_ewl2/lib/armv6-m\libc99.a(fgetwc.o) (__fgetwc)
C:/NXP/S32DS_ARM_v1.3/S32DS/arm_ewl2/lib/armv6-m\libc99.a(__printformat.o)
                              C:/NXP/S32DS_ARM_v1.3/S32DS/arm_ewl2/lib/armv6-m\libc99.a(vsnprintf.o) (__pformatter)
C:/NXP/S32DS_ARM_v1.3/S32DS/arm_ewl2/lib/armv6-m\libc99.a(__scanformat.o)
                              C:/NXP/S32DS_ARM_v1.3/S32DS/arm_ewl2/lib/armv6-m\libc99.a(vsscanf.o) (__sformatter)
C:/NXP/S32DS_ARM_v1.3/S32DS/arm_ewl2/lib/armv6-m\libc99.a(ctype_aeabi.o)
                              C:/NXP/S32DS_ARM_v1.3/S32DS/arm_ewl2/lib/armv6-m\libc99.a(__scanformat.o) (isspace)
C:/NXP/S32DS_ARM_v1.3/S32DS/arm_ewl2/lib/armv6-m\libc99.a(secure_error.o)
                              C:/NXP/S32DS_ARM_v1.3/S32DS/arm_ewl2/lib/armv6-m\libc99.a(__printformat.o) (__ewl_runtime_constraint_violation_s)
C:/NXP/S32DS_ARM_v1.3/S32DS/arm_ewl2/lib/armv6-m\libc99.a(ansi_files.o)
                              C:/NXP/S32DS_ARM_v1.3/S32DS/arm_ewl2/lib/armv6-m\libc99.a(sprintf.o) (__files)
C:/NXP/S32DS_ARM_v1.3/S32DS/arm_ewl2/lib/armv6-m\libc99.a(fflush.o)
                              C:/NXP/S32DS_ARM_v1.3/S32DS/arm_ewl2/lib/armv6-m\libc99.a(ansi_files.o) (fflush)
C:/NXP/S32DS_ARM_v1.3/S32DS/arm_ewl2/lib/armv6-m\libc99.a(fread.o)
                              C:/NXP/S32DS_ARM_v1.3/S32DS/arm_ewl2/lib/armv6-m\libc99.a(__wgetchar.o) (__fread)
C:/NXP/S32DS_ARM_v1.3/S32DS/arm_ewl2/lib/armv6-m\libc99.a(__strtold.o)
                              C:/NXP/S32DS_ARM_v1.3/S32DS/arm_ewl2/lib/armv6-m\libc99.a(__scanformat.o) (__strtold)
C:/NXP/S32DS_ARM_v1.3/S32DS/arm_ewl2/lib/armv6-m\libc99.a(abort.o)
                              C:/NXP/S32DS_ARM_v1.3/S32DS/arm_ewl2/lib/armv6-m\libc99.a(secure_error.o) (abort)
C:/NXP/S32DS_ARM_v1.3/S32DS/arm_ewl2/lib/armv6-m\libc99.a(mbstowcs_s.o)
                              C:/NXP/S32DS_ARM_v1.3/S32DS/arm_ewl2/lib/armv6-m\libc99.a(__printformat.o) (wcstombs)
C:/NXP/S32DS_ARM_v1.3/S32DS/arm_ewl2/lib/armv6-m\libc99.a(mbtowc.o)
                              C:/NXP/S32DS_ARM_v1.3/S32DS/arm_ewl2/lib/armv6-m\libc99.a(__wgetchar.o) (mbtowc)
C:/NXP/S32DS_ARM_v1.3/S32DS/arm_ewl2/lib/armv6-m\libc99.a(__strtoul.o)
                              C:/NXP/S32DS_ARM_v1.3/S32DS/arm_ewl2/lib/armv6-m\libc99.a(__scanformat.o) (__strtoul)
C:/NXP/S32DS_ARM_v1.3/S32DS/arm_ewl2/lib/armv6-m\libc99.a(__strtoull.o)
                              C:/NXP/S32DS_ARM_v1.3/S32DS/arm_ewl2/lib/armv6-m\libc99.a(__scanformat.o) (__strtoull)
C:/NXP/S32DS_ARM_v1.3/S32DS/arm_ewl2/lib/armv6-m\libc99.a(strtoull.o)
                              C:/NXP/S32DS_ARM_v1.3/S32DS/arm_ewl2/lib/armv6-m\libc99.a(__strtoul.o) (strtoull)
C:/NXP/S32DS_ARM_v1.3/S32DS/arm_ewl2/lib/armv6-m\libc99.a(wctomb.o)
                              C:/NXP/S32DS_ARM_v1.3/S32DS/arm_ewl2/lib/armv6-m\libc99.a(mbstowcs_s.o) (wctomb)
C:/NXP/S32DS_ARM_v1.3/S32DS/arm_ewl2/lib/armv6-m\libc99.a(__filll_mem.o)
                              C:/NXP/S32DS_ARM_v1.3/S32DS/arm_ewl2/lib/armv6-m\libc99.a(memset.o) (__fill_mem)
C:/NXP/S32DS_ARM_v1.3/S32DS/arm_ewl2/lib/armv6-m\libc99.a(memchr.o)
[...]
Memory Configuration

Name             Origin             Length             Attributes
FLASH_1          0x00000000         0x00000400         xr
FLASH_CONFIG     0x00000400         0x00000010         xr
FLASH_2          0x00000410         0x0001fbf0         xr
SRAM             0x1ffff000         0x00004000         rw
*default*        0x00000000         0xffffffff

Linker script and memory map

LOAD C:/NXP/S32DS_ARM_v1.3/S32DS/arm_ewl2/lib/armv6-m/__arm_start.o
LOAD ./Project_Settings/Startup_Code/system_SKEAZ1284.o
LOAD ./Project_Settings/Startup_Code/startup_SKEAZ1284.o
LOAD ./src/statisticsfunc.o
LOAD ./src/parsecommands.o
LOAD ./src/motorfuncs.o
LOAD ./src/main.o
LOAD ./src/UART.o
LOAD ./src/GPIO.o
LOAD ./src/FTM.o
LOAD ./src/CLK.o
LOAD ./src/ADC.o
START GROUP
LOAD C:/NXP/S32DS_ARM_v1.3/S32DS/arm_ewl2/lib/armv6-m\libc99.a
LOAD C:/NXP/S32DS_ARM_v1.3/S32DS/arm_ewl2/lib/armv6-m\libm.a
LOAD c:/nxp/s32ds_arm_v1.3/cross_tools/gcc-arm-none-eabi-4_9/bin/../lib/gcc/arm-none-eabi/4.9.3/armv6-m\libgcc.a
LOAD C:/NXP/S32DS_ARM_v1.3/S32DS/arm_ewl2/lib/armv6-m\librt.a
END GROUP
LOAD C:/NXP/S32DS_ARM_v1.3/S32DS/arm_ewl2/lib/armv6-m/__arm_end.o
                0x20003000                _estack = 0x20003000
                0x20003000                __SP_INIT = _estack
                0x00000500                HEAP_SIZE = DEFINED (__heap_size__)?__heap_size__:0x500
                0x00000400                STACK_SIZE = DEFINED (__stack_size__)?__stack_size__:0x400

.interrupts     0x00000000       0xc0
                0x00000000                __VECTOR_TABLE = .
                0x00000000                . = ALIGN (0x4)
 *(.isr_vector)
 .isr_vector    0x00000000       0xc0 ./Project_Settings/Startup_Code/startup_SKEAZ1284.o
                0x00000000                __isr_vector
                0x000000c0                . = ALIGN (0x4)

.flash_config   0x00000400       0x10
                0x00000400                . = ALIGN (0x4)
 *(.FlashConfig)
 .FlashConfig   0x00000400       0x10 ./Project_Settings/Startup_Code/startup_SKEAZ1284.o
                0x00000410                . = ALIGN (0x4)

.text           0x00000410     0xd5e0
                0x00000410                . = ALIGN (0x4)
 *(.text)
 .text          0x00000410       0x44 ./Project_Settings/Startup_Code/startup_SKEAZ1284.o
                0x00000410                Reset_Handler
                0x0000044c                Reserved16_IRQHandler
                0x0000044c                I2C0_IRQHandler
                0x0000044c                HardFault_Handler
                0x0000044c                SysTick_Handler
                0x0000044c                PendSV_Handler
                0x0000044c                NMI_Handler
                0x0000044c                I2C1_IRQHandler
                0x0000044c                Reserved19_IRQHandler
                0x0000044c                UART1_IRQHandler
                0x0000044c                UART0_IRQHandler
                0x0000044c                Reserved42_IRQHandler
                0x0000044c                ADC0_IRQHandler
                0x0000044c                SPI1_IRQHandler
                0x0000044c                DefaultISR
                0x0000044c                FTMRE_IRQHandler
                0x0000044c                RTC_IRQHandler
                0x0000044c                IRQ_IRQHandler
                0x0000044c                Reserved18_IRQHandler
                0x0000044c                PIT_CH0_IRQHandler
                0x0000044c                Reserved20_IRQHandler
                0x0000044c                Reserved17_IRQHandler
                0x0000044c                MSCAN_RX_IRQHandler
                0x0000044c                ACMP0_IRQHandler
                0x0000044c                WDOG_EWM_IRQHandler
                0x0000044c                MSCAN_TX_IRQHandler
                0x0000044c                PWT_IRQHandler
                0x0000044c                SVC_Handler
                0x0000044c                LVD_LLW_IRQHandler
                0x0000044c                ICS_IRQHandler
                0x0000044c                PIT_CH1_IRQHandler
                0x0000044c                KBI0_IRQHandler
                0x0000044c                SPI0_IRQHandler
                0x0000044c                ACMP1_IRQHandler
                0x0000044c                KBI1_IRQHandler
 .text          0x00000454       0x14 c:/nxp/s32ds_arm_v1.3/cross_tools/gcc-arm-none-eabi-4_9/bin/../lib/gcc/arm-none-eabi/4.9.3/armv6-m\libgcc.a(_thumb1_case_sqi.o)
                0x00000454                __gnu_thumb1_case_sqi
 .text          0x00000468       0x14 c:/nxp/s32ds_arm_v1.3/cross_tools/gcc-arm-none-eabi-4_9/bin/../lib/gcc/arm-none-eabi/4.9.3/armv6-m\libgcc.a(_thumb1_case_uqi.o)
                0x00000468                __gnu_thumb1_case_uqi
 .text          0x0000047c       0x14 c:/nxp/s32ds_arm_v1.3/cross_tools/gcc-arm-none-eabi-4_9/bin/../lib/gcc/arm-none-eabi/4.9.3/armv6-m\libgcc.a(_thumb1_case_shi.o)
                0x0000047c                __gnu_thumb1_case_shi
 .text          0x00000490      0x120 c:/nxp/s32ds_arm_v1.3/cross_tools/gcc-arm-none-eabi-4_9/bin/../lib/gcc/arm-none-eabi/4.9.3/armv6-m\libgcc.a(_udivsi3.o)
                0x00000490                __aeabi_uidiv
                0x00000490                __udivsi3
                0x0000059c                __aeabi_uidivmod
 .text          0x000005b0      0x1e0 c:/nxp/s32ds_arm_v1.3/cross_tools/gcc-arm-none-eabi-4_9/bin/../lib/gcc/arm-none-eabi/4.9.3/armv6-m\libgcc.a(_divsi3.o)
                0x000005b0                __divsi3
                0x000005b0                __aeabi_idiv
                0x0000077c                __aeabi_idivmod
 .text          0x00000790        0x4 c:/nxp/s32ds_arm_v1.3/cross_tools/gcc-arm-none-eabi-4_9/bin/../lib/gcc/arm-none-eabi/4.9.3/armv6-m\libgcc.a(_dvmd_tls.o)
                0x00000790                __aeabi_idiv0
                0x00000790                __aeabi_ldiv0
 .text          0x00000794       0x7c c:/nxp/s32ds_arm_v1.3/cross_tools/gcc-arm-none-eabi-4_9/bin/../lib/gcc/arm-none-eabi/4.9.3/armv6-m\libgcc.a(_arm_cmpdf2.o)
                0x00000794                __aeabi_cdrcmple
                0x000007a4                __aeabi_cdcmple
                0x000007a4                __aeabi_cdcmpeq
                0x000007b4                __aeabi_dcmpeq
                0x000007c0                __aeabi_dcmplt
                0x000007d4                __aeabi_dcmple
                0x000007e8                __aeabi_dcmpgt
                0x000007fc                __aeabi_dcmpge
 .text          0x00000810       0x40 c:/nxp/s32ds_arm_v1.3/cross_tools/gcc-arm-none-eabi-4_9/bin/../lib/gcc/arm-none-eabi/4.9.3/armv6-m\libgcc.a(_aeabi_uldivmod.o)
                0x00000810                __aeabi_uldivmod
 .text          0x00000850       0x54 c:/nxp/s32ds_arm_v1.3/cross_tools/gcc-arm-none-eabi-4_9/bin/../lib/gcc/arm-none-eabi/4.9.3/armv6-m\libgcc.a(_muldi3.o)
                0x00000850                __muldi3
                0x00000850                __aeabi_lmul
 .text          0x000008a4       0x6c c:/nxp/s32ds_arm_v1.3/cross_tools/gcc-arm-none-eabi-4_9/bin/../lib/gcc/arm-none-eabi/4.9.3/armv6-m\libgcc.a(bpabi.o)
                0x000008a4                __gnu_ldivmod_helper
                0x000008dc                __gnu_uldivmod_helper
 .text          0x00000910      0x2f8 c:/nxp/s32ds_arm_v1.3/cross_tools/gcc-arm-none-eabi-4_9/bin/../lib/gcc/arm-none-eabi/4.9.3/armv6-m\libgcc.a(addsf3.o)
                0x00000910                __aeabi_fadd
 .text          0x00000c08      0x270 c:/nxp/s32ds_arm_v1.3/cross_tools/gcc-arm-none-eabi-4_9/bin/../lib/gcc/arm-none-eabi/4.9.3/armv6-m\libgcc.a(divsf3.o)
                0x00000c08                __aeabi_fdiv
 .text          0x00000e78      0x264 c:/nxp/s32ds_arm_v1.3/cross_tools/gcc-arm-none-eabi-4_9/bin/../lib/gcc/arm-none-eabi/4.9.3/armv6-m\libgcc.a(mulsf3.o)
                0x00000e78                __aeabi_fmul
 .text          0x000010dc      0x2fc c:/nxp/s32ds_arm_v1.3/cross_tools/gcc-arm-none-eabi-4_9/bin/../lib/gcc/arm-none-eabi/4.9.3/armv6-m\libgcc.a(subsf3.o)
                0x000010dc                __aeabi_fsub
 .text          0x000013d8       0x40 c:/nxp/s32ds_arm_v1.3/cross_tools/gcc-arm-none-eabi-4_9/bin/../lib/gcc/arm-none-eabi/4.9.3/armv6-m\libgcc.a(fixsfsi.o)
                0x000013d8                __aeabi_f2iz
 .text          0x00001418       0x90 c:/nxp/s32ds_arm_v1.3/cross_tools/gcc-arm-none-eabi-4_9/bin/../lib/gcc/arm-none-eabi/4.9.3/armv6-m\libgcc.a(floatsisf.o)
                0x00001418                __aeabi_i2f
 .text          0x000014a8      0x650 c:/nxp/s32ds_arm_v1.3/cross_tools/gcc-arm-none-eabi-4_9/bin/../lib/gcc/arm-none-eabi/4.9.3/armv6-m\libgcc.a(adddf3.o)
                0x000014a8                __aeabi_dadd
 .text          0x00001af8      0x648 c:/nxp/s32ds_arm_v1.3/cross_tools/gcc-arm-none-eabi-4_9/bin/../lib/gcc/arm-none-eabi/4.9.3/armv6-m\libgcc.a(divdf3.o)
                0x00001af8                __aeabi_ddiv
 .text          0x00002140       0x88 c:/nxp/s32ds_arm_v1.3/cross_tools/gcc-arm-none-eabi-4_9/bin/../lib/gcc/arm-none-eabi/4.9.3/armv6-m\libgcc.a(eqdf2.o)
                0x00002140                __nedf2
                0x00002140                __eqdf2
 .text          0x000021c8       0xe0 c:/nxp/s32ds_arm_v1.3/cross_tools/gcc-arm-none-eabi-4_9/bin/../lib/gcc/arm-none-eabi/4.9.3/armv6-m\libgcc.a(gedf2.o)
                0x000021c8                __gedf2
                0x000021c8                __gtdf2
 .text          0x000022a8       0xcc c:/nxp/s32ds_arm_v1.3/cross_tools/gcc-arm-none-eabi-4_9/bin/../lib/gcc/arm-none-eabi/4.9.3/armv6-m\libgcc.a(ledf2.o)
                0x000022a8                __ledf2
                0x000022a8                __ltdf2
 .text          0x00002374      0x534 c:/nxp/s32ds_arm_v1.3/cross_tools/gcc-arm-none-eabi-4_9/bin/../lib/gcc/arm-none-eabi/4.9.3/armv6-m\libgcc.a(muldf3.o)
                0x00002374                __aeabi_dmul
 .text          0x000028a8      0x6f4 c:/nxp/s32ds_arm_v1.3/cross_tools/gcc-arm-none-eabi-4_9/bin/../lib/gcc/arm-none-eabi/4.9.3/armv6-m\libgcc.a(subdf3.o)
                0x000028a8                __aeabi_dsub
 .text          0x00002f9c       0x6c c:/nxp/s32ds_arm_v1.3/cross_tools/gcc-arm-none-eabi-4_9/bin/../lib/gcc/arm-none-eabi/4.9.3/armv6-m\libgcc.a(fixdfsi.o)
                0x00002f9c                __aeabi_d2iz
 .text          0x00003008       0x78 c:/nxp/s32ds_arm_v1.3/cross_tools/gcc-arm-none-eabi-4_9/bin/../lib/gcc/arm-none-eabi/4.9.3/armv6-m\libgcc.a(floatsidf.o)
                0x00003008                __aeabi_i2d
 .text          0x00003080       0xa8 c:/nxp/s32ds_arm_v1.3/cross_tools/gcc-arm-none-eabi-4_9/bin/../lib/gcc/arm-none-eabi/4.9.3/armv6-m\libgcc.a(extendsfdf2.o)
                0x00003080                __aeabi_f2d
 .text          0x00003128      0x120 c:/nxp/s32ds_arm_v1.3/cross_tools/gcc-arm-none-eabi-4_9/bin/../lib/gcc/arm-none-eabi/4.9.3/armv6-m\libgcc.a(truncdfsf2.o)
                0x00003128                __aeabi_d2f
 .text          0x00003248       0x3c c:/nxp/s32ds_arm_v1.3/cross_tools/gcc-arm-none-eabi-4_9/bin/../lib/gcc/arm-none-eabi/4.9.3/armv6-m\libgcc.a(_clzsi2.o)
                0x00003248                __clzsi2
 .text          0x00003284      0x1f0 c:/nxp/s32ds_arm_v1.3/cross_tools/gcc-arm-none-eabi-4_9/bin/../lib/gcc/arm-none-eabi/4.9.3/armv6-m\libgcc.a(_divdi3.o)
                0x00003284                __divdi3
 .text          0x00003474      0x158 c:/nxp/s32ds_arm_v1.3/cross_tools/gcc-arm-none-eabi-4_9/bin/../lib/gcc/arm-none-eabi/4.9.3/armv6-m\libgcc.a(_udivdi3.o)
                0x00003474                __udivdi3
 .text          0x000035cc       0x18 c:/nxp/s32ds_arm_v1.3/cross_tools/gcc-arm-none-eabi-4_9/bin/../lib/gcc/arm-none-eabi/4.9.3/armv6-m\libgcc.a(_clzdi2.o)
                0x000035cc                __clzdi2
 *(.text*)
 .text.__thumb_startup
                0x000035e4       0x3c C:/NXP/S32DS_ARM_v1.3/S32DS/arm_ewl2/lib/armv6-m/__arm_start.o
                0x000035e4                __thumb_startup
 .text.SystemInit
                0x00003620       0x24 ./Project_Settings/Startup_Code/system_SKEAZ1284.o
                0x00003620                SystemInit
 .text.MeanArray
                0x00003644       0x94 ./src/statisticsfunc.o
                0x00003644                MeanArray
 .text.StdArray
                0x000036d8      0x15c ./src/statisticsfunc.o
                0x000036d8                StdArray
 .text.parse_command
                0x00003834     0x1a58 ./src/parsecommands.o
                0x00003834                parse_command
 .text.parse_commandSeq
                0x0000528c     0x13d4 ./src/parsecommands.o
                0x0000528c                parse_commandSeq
 .text.SetMotorDir
                0x00006660       0x18 ./src/motorfuncs.o
                0x00006660                SetMotorDir
 .text.SetMotorSteps
                0x00006678       0x18 ./src/motorfuncs.o
                0x00006678                SetMotorSteps
 .text.SetMotorSpeed
                0x00006690       0x60 ./src/motorfuncs.o
                0x00006690                SetMotorSpeed
 .text.StartMotorInterrupt
                0x000066f0       0x54 ./src/motorfuncs.o
                0x000066f0                StartMotorInterrupt
 .text.StopMotorInterrupt
                0x00006744       0x54 ./src/motorfuncs.o
                0x00006744                StopMotorInterrupt
 .text.MotorSequenceInterrupt
                0x00006798       0x5c ./src/motorfuncs.o
                0x00006798                MotorSequenceInterrupt
 .text.MoveMotor
                0x000067f4      0x348 ./src/motorfuncs.o
                0x000067f4                MoveMotor
 .text.MoveMotorSeq
                0x00006b3c       0x2c ./src/motorfuncs.o
                0x00006b3c                MoveMotorSeq
 .text.MoveMotorSeqPM1
                0x00006b68       0x7c ./src/motorfuncs.o
                0x00006b68                MoveMotorSeqPM1
 .text.MotorSeqA
                0x00006be4       0x8c ./src/motorfuncs.o
                0x00006be4                MotorSeqA
 .text.MotorSeqB
                0x00006c70      0x1d0 ./src/motorfuncs.o
                0x00006c70                MotorSeqB
 .text.MotorSeqC
                0x00006e40       0x5c ./src/motorfuncs.o
                0x00006e40                MotorSeqC
 .text.MoveMotorMatchTension
                0x00006e9c      0x1a0 ./src/motorfuncs.o
                0x00006e9c                MoveMotorMatchTension
 .text.MatchTension
                0x0000703c       0x94 ./src/motorfuncs.o
                0x0000703c                MatchTension
 .text.CalibrateMotors
                0x000070d0       0x24 ./src/motorfuncs.o
                0x000070d0                CalibrateMotors
 .text.CalbrateStepMS1
                0x000070f4      0x210 ./src/motorfuncs.o
                0x000070f4                CalbrateStepMS1
 .text.CalbrateStepMS2
                0x00007304      0x1f8 ./src/motorfuncs.o
                0x00007304                CalbrateStepMS2
 .text.LengthToSteps
                0x000074fc       0x74 ./src/motorfuncs.o
                0x000074fc                LengthToSteps
 .text.TimeOfSequenceToMotorPeriod
                0x00007570       0x30 ./src/motorfuncs.o
                0x00007570                TimeOfSequenceToMotorPeriod
 .text.NVIC_EnableIRQ
                0x000075a0       0x2c ./src/main.o
 .text.NVIC_DisableIRQ
                0x000075cc       0x30 ./src/main.o
 .text.NVIC_ClearPendingIRQ
                0x000075fc       0x30 ./src/main.o
 .text.main     0x0000762c       0x2c ./src/main.o
                0x0000762c                main
 .text.Enable_Interrupt
                0x00007658       0x2c ./src/main.o
                0x00007658                Enable_Interrupt
 .text.Disable_Interrupt
                0x00007684       0x2c ./src/main.o
                0x00007684                Disable_Interrupt
 .text.UART2_Interrupt
                0x000076b0       0xe8 ./src/main.o
                0x000076b0                UART2_Interrupt
 .text.UART2_IRQHandler
                0x00007798       0x10 ./src/main.o
                0x00007798                UART2_IRQHandler
 .text.FTM0_IRQHandler
                0x000077a8       0x10 ./src/main.o
                0x000077a8                FTM0_IRQHandler
 .text.FTM1_IRQHandler
                0x000077b8       0x10 ./src/main.o
                0x000077b8                FTM1_IRQHandler
 .text.FTM2_IRQHandler
                0x000077c8       0x10 ./src/main.o
                0x000077c8                FTM2_IRQHandler
 .text.FTM0_Interrupt
                0x000077d8       0x60 ./src/main.o
                0x000077d8                FTM0_Interrupt
 .text.FTM1_Interrupt
                0x00007838       0x60 ./src/main.o
                0x00007838                FTM1_Interrupt
 .text.FTM2_Interrupt
                0x00007898       0xc8 ./src/main.o
                0x00007898                FTM2_Interrupt
 .text.CheckTensionMeasurement
                0x00007960       0xa0 ./src/main.o
                0x00007960                CheckTensionMeasurement
 .text.UART_Init
                0x00007a00       0x60 ./src/UART.o
                0x00007a00                UART_Init
 .text.UART_SendChar
                0x00007a60       0x34 ./src/UART.o
                0x00007a60                UART_SendChar
 .text.UART_GetChar
                0x00007a94       0x34 ./src/UART.o
                0x00007a94                UART_GetChar
 .text.UART_SendStr
                0x00007ac8       0x4c ./src/UART.o
                0x00007ac8                UART_SendStr
 .text.itoa_    0x00007b14       0xb0 ./src/UART.o
                0x00007b14                itoa_
 .text.GPIO_Init
                0x00007bc4      0x230 ./src/GPIO.o
                0x00007bc4                GPIO_Init
 .text.FTM0_Init_Output_Cmp
                0x00007df4       0x58 ./src/FTM.o
                0x00007df4                FTM0_Init_Output_Cmp
 .text.FTM0_SetPeriod
                0x00007e4c       0x30 ./src/FTM.o
                0x00007e4c                FTM0_SetPeriod
 .text.FTM0_SetPrescaler
                0x00007e7c       0x24 ./src/FTM.o
                0x00007e7c                FTM0_SetPrescaler
 .text.FTM1_Init_Output_Cmp
                0x00007ea0       0x58 ./src/FTM.o
                0x00007ea0                FTM1_Init_Output_Cmp
 .text.FTM1_SetPeriod
                0x00007ef8       0x30 ./src/FTM.o
                0x00007ef8                FTM1_SetPeriod
 .text.FTM1_SetPrescaler
                0x00007f28       0x24 ./src/FTM.o
                0x00007f28                FTM1_SetPrescaler
 .text.FTM2_Init_Output_Cmp
                0x00007f4c       0x58 ./src/FTM.o
                0x00007f4c                FTM2_Init_Output_Cmp
 .text.FTM2_SetPeriod
                0x00007fa4       0x30 ./src/FTM.o
                0x00007fa4                FTM2_SetPeriod
 .text.FTM2_SetPrescaler
                0x00007fd4       0x24 ./src/FTM.o
                0x00007fd4                FTM2_SetPrescaler
 .text.FTM_Init
                0x00007ff8       0x14 ./src/FTM.o
                0x00007ff8                FTM_Init
 .text.Clk_Init
                0x0000800c       0x54 ./src/CLK.o
                0x0000800c                Clk_Init
 .text.ADC_Init
                0x00008060       0x94 ./src/ADC.o
                0x00008060                ADC_Init
 .text.ADC_Read
                0x000080f4       0x48 ./src/ADC.o
                0x000080f4                ADC_Read
 .text.ADC_InitALL
                0x0000813c       0x20 ./src/ADC.o
                0x0000813c                ADC_InitALL
 .text.sprintf  0x0000815c       0x1a C:/NXP/S32DS_ARM_v1.3/S32DS/arm_ewl2/lib/armv6-m\libc99.a(sprintf.o)
                0x0000815c                sprintf
 .text.sscanf   0x00008176       0x16 C:/NXP/S32DS_ARM_v1.3/S32DS/arm_ewl2/lib/armv6-m\libc99.a(sscanf.o)
                0x00008176                sscanf
 .text.__StringWrite
                0x0000818c       0x26 C:/NXP/S32DS_ARM_v1.3/S32DS/arm_ewl2/lib/armv6-m\libc99.a(vsnprintf.o)
                0x0000818c                __StringWrite
 *fill*         0x000081b2        0x2 
 .text.vsnprintf
                0x000081b4       0x38 C:/NXP/S32DS_ARM_v1.3/S32DS/arm_ewl2/lib/armv6-m\libc99.a(vsnprintf.o)
                0x000081b4                vsnprintf
 .text.__StringRead
                0x000081ec       0x3e C:/NXP/S32DS_ARM_v1.3/S32DS/arm_ewl2/lib/armv6-m\libc99.a(vsscanf.o)
                0x000081ec                __StringRead
 *fill*         0x0000822a        0x2 
 .text.vsscanf  0x0000822c       0x30 C:/NXP/S32DS_ARM_v1.3/S32DS/arm_ewl2/lib/armv6-m\libc99.a(vsscanf.o)
                0x0000822c                vsscanf
 .text.exit     0x0000825c       0x38 C:/NXP/S32DS_ARM_v1.3/S32DS/arm_ewl2/lib/armv6-m\libc99.a(exit.o)
                0x0000825c                exit
 .text.memcpy   0x00008294       0x12 C:/NXP/S32DS_ARM_v1.3/S32DS/arm_ewl2/lib/armv6-m\libc99.a(memcpy.o)
                0x00008294                memcpy
 .text.memset   0x000082a6        0xc C:/NXP/S32DS_ARM_v1.3/S32DS/arm_ewl2/lib/armv6-m\libc99.a(memset.o)
                0x000082a6                memset
 .text.strcat   0x000082b2       0x1a C:/NXP/S32DS_ARM_v1.3/S32DS/arm_ewl2/lib/armv6-m\libc99.a(strcat.o)
                0x000082b2                strcat
 .text.strcmp   0x000082cc       0x1a C:/NXP/S32DS_ARM_v1.3/S32DS/arm_ewl2/lib/armv6-m\libc99.a(strcmp.o)
                0x000082cc                strcmp
 .text.strlen   0x000082e6        0xe C:/NXP/S32DS_ARM_v1.3/S32DS/arm_ewl2/lib/armv6-m\libc99.a(strlen.o)
                0x000082e6                strlen
 .text.long2str.isra.0
                0x000082f4      0x1ce C:/NXP/S32DS_ARM_v1.3/S32DS/arm_ewl2/lib/armv6-m\libc99.a(__printformat.o)
 .text.longlong2str.isra.1
                0x000084c2      0x214 C:/NXP/S32DS_ARM_v1.3/S32DS/arm_ewl2/lib/armv6-m\libc99.a(__printformat.o)
 *fill*         0x000086d6        0x2 
 .text.double2hex.isra.2
                0x000086d8      0x210 C:/NXP/S32DS_ARM_v1.3/S32DS/arm_ewl2/lib/armv6-m\libc99.a(__printformat.o)
 .text.__pformatter
                0x000088e8      0xa48 C:/NXP/S32DS_ARM_v1.3/S32DS/arm_ewl2/lib/armv6-m\libc99.a(__printformat.o)
                0x000088e8                __pformatter
 .text.__sformatter
                0x00009330      0xa64 C:/NXP/S32DS_ARM_v1.3/S32DS/arm_ewl2/lib/armv6-m\libc99.a(__scanformat.o)
                0x00009330                __sformatter
 .text.isalpha  0x00009d94       0x1c C:/NXP/S32DS_ARM_v1.3/S32DS/arm_ewl2/lib/armv6-m\libc99.a(ctype_aeabi.o)
                0x00009d94                isalpha
 .text.isspace  0x00009db0       0x1c C:/NXP/S32DS_ARM_v1.3/S32DS/arm_ewl2/lib/armv6-m\libc99.a(ctype_aeabi.o)
                0x00009db0                isspace
 .text.isupper  0x00009dcc       0x1c C:/NXP/S32DS_ARM_v1.3/S32DS/arm_ewl2/lib/armv6-m\libc99.a(ctype_aeabi.o)
                0x00009dcc                isupper
 .text.isxdigit
                0x00009de8       0x1c C:/NXP/S32DS_ARM_v1.3/S32DS/arm_ewl2/lib/armv6-m\libc99.a(ctype_aeabi.o)
                0x00009de8                isxdigit
 .text.toupper  0x00009e04        0xc C:/NXP/S32DS_ARM_v1.3/S32DS/arm_ewl2/lib/armv6-m\libc99.a(ctype_aeabi.o)
                0x00009e04                toupper
 .text.__ewl_runtime_constraint_violation_s
                0x00009e10       0x14 C:/NXP/S32DS_ARM_v1.3/S32DS/arm_ewl2/lib/armv6-m\libc99.a(secure_error.o)
                0x00009e10                __ewl_runtime_constraint_violation_s
 .text.__strtold
                0x00009e24      0x810 C:/NXP/S32DS_ARM_v1.3/S32DS/arm_ewl2/lib/armv6-m\libc99.a(__strtold.o)
                0x00009e24                __strtold
 .text.wcstombs
                0x0000a634       0x42 C:/NXP/S32DS_ARM_v1.3/S32DS/arm_ewl2/lib/armv6-m\libc99.a(mbstowcs_s.o)
                0x0000a634                wcstombs
 .text.__mbtowc_noconv
                0x0000a676       0x20 C:/NXP/S32DS_ARM_v1.3/S32DS/arm_ewl2/lib/armv6-m\libc99.a(mbtowc.o)
                0x0000a676                __mbtowc_noconv
 .text.mbtowc   0x0000a696        0x8 C:/NXP/S32DS_ARM_v1.3/S32DS/arm_ewl2/lib/armv6-m\libc99.a(mbtowc.o)
                0x0000a696                mbtowc
 .text.__strtoul
                0x0000a69e      0x1c8 C:/NXP/S32DS_ARM_v1.3/S32DS/arm_ewl2/lib/armv6-m\libc99.a(__strtoul.o)
                0x0000a69e                __strtoul
 .text.__strtoull
                0x0000a866      0x216 C:/NXP/S32DS_ARM_v1.3/S32DS/arm_ewl2/lib/armv6-m\libc99.a(__strtoull.o)
                0x0000a866                __strtoull
 .text.__wctomb_noconv
                0x0000aa7c       0x16 C:/NXP/S32DS_ARM_v1.3/S32DS/arm_ewl2/lib/armv6-m\libc99.a(wctomb.o)
                0x0000aa7c                __wctomb_noconv
 .text.wctomb   0x0000aa92        0x8 C:/NXP/S32DS_ARM_v1.3/S32DS/arm_ewl2/lib/armv6-m\libc99.a(wctomb.o)
                0x0000aa92                wctomb
 .text.__fill_mem
                0x0000aa9a       0x82 C:/NXP/S32DS_ARM_v1.3/S32DS/arm_ewl2/lib/armv6-m\libc99.a(__filll_mem.o)
                0x0000aa9a                __fill_mem
 .text.memchr   0x0000ab1c       0x1c C:/NXP/S32DS_ARM_v1.3/S32DS/arm_ewl2/lib/armv6-m\libc99.a(memchr.o)
                0x0000ab1c                memchr
 .text.strchr   0x0000ab38       0x1e C:/NXP/S32DS_ARM_v1.3/S32DS/arm_ewl2/lib/armv6-m\libc99.a(strchr.o)
                0x0000ab38                strchr
 .text.strcpy   0x0000ab56        0xe C:/NXP/S32DS_ARM_v1.3/S32DS/arm_ewl2/lib/armv6-m\libc99.a(strcpy.o)
                0x0000ab56                strcpy
 .text.strncpy  0x0000ab64       0x2c C:/NXP/S32DS_ARM_v1.3/S32DS/arm_ewl2/lib/armv6-m\libc99.a(strncpy.o)
                0x0000ab64                strncpy
 .text.nan      0x0000ab90        0x2 C:/NXP/S32DS_ARM_v1.3/S32DS/arm_ewl2/lib/armv6-m\libc99.a(math_ARM.o)
                0x0000ab90                nan
 *fill*         0x0000ab92        0x2 
 .text.__num2dec
                0x0000ab94      0x228 C:/NXP/S32DS_ARM_v1.3/S32DS/arm_ewl2/lib/armv6-m\libm.a(ansi_fp.o)
                0x0000ab94                __num2dec
 .text.__dec2num
                0x0000adbc      0x150 C:/NXP/S32DS_ARM_v1.3/S32DS/arm_ewl2/lib/armv6-m\libm.a(ansi_fp.o)
                0x0000adbc                __dec2num
 .text.__round_decimal
                0x0000af0c       0x8a C:/NXP/S32DS_ARM_v1.3/S32DS/arm_ewl2/lib/armv6-m\libm.a(ansi_fp.o)
                0x0000af0c                __round_decimal
 .text.__signbitd
                0x0000af96        0x4 C:/NXP/S32DS_ARM_v1.3/S32DS/arm_ewl2/lib/armv6-m\libm.a(math_api.o)
                0x0000af96                __signbitd
 *fill*         0x0000af9a        0x2 
 .text.__fpclassifyd
                0x0000af9c       0x38 C:/NXP/S32DS_ARM_v1.3/S32DS/arm_ewl2/lib/armv6-m\libm.a(math_api.o)
                0x0000af9c                __fpclassifyd
 .text.frexp    0x0000afd4       0x74 C:/NXP/S32DS_ARM_v1.3/S32DS/arm_ewl2/lib/armv6-m\libm.a(s_frexp.o)
                0x0000afd4                frexp
 .text.ldexp    0x0000b048      0x124 C:/NXP/S32DS_ARM_v1.3/S32DS/arm_ewl2/lib/armv6-m\libm.a(s_ldexp.o)
                0x0000b048                ldexp
 .text.pow      0x0000b16c        0x8 C:/NXP/S32DS_ARM_v1.3/S32DS/arm_ewl2/lib/armv6-m\libm.a(w_pow.o)
                0x0000b16c                pow
 .text.sqrt     0x0000b174        0x8 C:/NXP/S32DS_ARM_v1.3/S32DS/arm_ewl2/lib/armv6-m\libm.a(w_sqrt.o)
                0x0000b174                sqrt
 .text.__ieee754_pow
                0x0000b17c      0xaf8 C:/NXP/S32DS_ARM_v1.3/S32DS/arm_ewl2/lib/armv6-m\libm.a(e_pow.o)
                0x0000b17c                __ieee754_pow
 .text.__ieee754_sqrt
                0x0000bc74      0x16c C:/NXP/S32DS_ARM_v1.3/S32DS/arm_ewl2/lib/armv6-m\libm.a(e_sqrt.o)
                0x0000bc74                __ieee754_sqrt
 .text.scalbn   0x0000bde0       0x14 C:/NXP/S32DS_ARM_v1.3/S32DS/arm_ewl2/lib/armv6-m\libm.a(scalbn.o)
                0x0000bde0                scalbn
 .text.__init_cpp
                0x0000bdf4       0x48 C:/NXP/S32DS_ARM_v1.3/S32DS/arm_ewl2/lib/armv6-m\librt.a(gcc_ctor_dtor.o)
                0x0000bdf4                __init_cpp
 .text.__fini_cpp
                0x0000be3c       0x34 C:/NXP/S32DS_ARM_v1.3/S32DS/arm_ewl2/lib/armv6-m\librt.a(gcc_ctor_dtor.o)
                0x0000be3c                __fini_cpp
 .text._ExitProcess
                0x0000be70        0x2 C:/NXP/S32DS_ARM_v1.3/S32DS/arm_ewl2/lib/armv6-m\librt.a(gcc_ctor_dtor.o)
                0x0000be70                _ExitProcess
 *fill*         0x0000be72        0x2 
 .text.__destroy_global_chain
                0x0000be74       0x1c C:/NXP/S32DS_ARM_v1.3/S32DS/arm_ewl2/lib/armv6-m\librt.a(__arm_eabi_init.o)
                0x0000be74                __destroy_global_chain
 .text.__init_registers
                0x0000be90       0x1c C:/NXP/S32DS_ARM_v1.3/S32DS/arm_ewl2/lib/armv6-m\librt.a(__arm_eabi_init.o)
                0x0000be90                __init_registers
 .text.__init_hardware
                0x0000beac        0x4 C:/NXP/S32DS_ARM_v1.3/S32DS/arm_ewl2/lib/armv6-m\librt.a(__arm_eabi_init.o)
                0x0000beac                __init_hardware
 .text.__init_user
                0x0000beb0        0x4 C:/NXP/S32DS_ARM_v1.3/S32DS/arm_ewl2/lib/armv6-m\librt.a(__arm_eabi_init.o)
                0x0000beb0                __init_user
 .text.__copy_rom_section
                0x0000beb4       0x40 C:/NXP/S32DS_ARM_v1.3/S32DS/arm_ewl2/lib/armv6-m\librt.a(ROMCopy.o)
                0x0000beb4                __copy_rom_section
 .text.__copy_rom_sections_to_ram
                0x0000bef4       0x34 C:/NXP/S32DS_ARM_v1.3/S32DS/arm_ewl2/lib/armv6-m\librt.a(ROMCopy.o)
                0x0000bef4                __copy_rom_sections_to_ram
 *(.rodata)
 .rodata        0x0000bf28     0x1702 ./src/parsecommands.o
 *fill*         0x0000d62a        0x2 
 .rodata        0x0000d62c       0x35 ./src/main.o
 *fill*         0x0000d661        0x3 
 .rodata        0x0000d664       0x48 ./src/UART.o
 .rodata        0x0000d6ac       0x20 C:/NXP/S32DS_ARM_v1.3/S32DS/arm_ewl2/lib/armv6-m\libc99.a(__strtold.o)
 .rodata        0x0000d6cc       0x80 c:/nxp/s32ds_arm_v1.3/cross_tools/gcc-arm-none-eabi-4_9/bin/../lib/gcc/arm-none-eabi/4.9.3/armv6-m\libgcc.a(divsf3.o)
 .rodata        0x0000d74c       0x40 c:/nxp/s32ds_arm_v1.3/cross_tools/gcc-arm-none-eabi-4_9/bin/../lib/gcc/arm-none-eabi/4.9.3/armv6-m\libgcc.a(mulsf3.o)
 .rodata        0x0000d78c       0x40 c:/nxp/s32ds_arm_v1.3/cross_tools/gcc-arm-none-eabi-4_9/bin/../lib/gcc/arm-none-eabi/4.9.3/armv6-m\libgcc.a(divdf3.o)
 .rodata        0x0000d7cc       0x40 c:/nxp/s32ds_arm_v1.3/cross_tools/gcc-arm-none-eabi-4_9/bin/../lib/gcc/arm-none-eabi/4.9.3/armv6-m\libgcc.a(muldf3.o)
 *(.rodata*)
 .rodata.str1.1
                0x0000d80c       0x14 C:/NXP/S32DS_ARM_v1.3/S32DS/arm_ewl2/lib/armv6-m\libc99.a(__printformat.o)
                                 0x25 (size before relaxing)
 .rodata.str4.4
                0x0000d820        0x4 C:/NXP/S32DS_ARM_v1.3/S32DS/arm_ewl2/lib/armv6-m\libc99.a(__printformat.o)
 .rodata.__aeabi_ctype_table_C
                0x0000d824      0x101 C:/NXP/S32DS_ARM_v1.3/S32DS/arm_ewl2/lib/armv6-m\libc99.a(ctype_aeabi.o)
                0x0000d824                __aeabi_ctype_table_C
 .rodata.str1.1
                0x0000d925        0xe C:/NXP/S32DS_ARM_v1.3/S32DS/arm_ewl2/lib/armv6-m\libc99.a(__strtold.o)
 *fill*         0x0000d933        0x5 
 .rodata.digit_values
                0x0000d938       0x40 C:/NXP/S32DS_ARM_v1.3/S32DS/arm_ewl2/lib/armv6-m\libm.a(ansi_fp.o)
 .rodata.bit_values
                0x0000d978       0x48 C:/NXP/S32DS_ARM_v1.3/S32DS/arm_ewl2/lib/armv6-m\libm.a(ansi_fp.o)
 .rodata.dp_h   0x0000d9c0       0x10 C:/NXP/S32DS_ARM_v1.3/S32DS/arm_ewl2/lib/armv6-m\libm.a(e_pow.o)
 .rodata.dp_l   0x0000d9d0       0x10 C:/NXP/S32DS_ARM_v1.3/S32DS/arm_ewl2/lib/armv6-m\libm.a(e_pow.o)
 .rodata.bp     0x0000d9e0       0x10 C:/NXP/S32DS_ARM_v1.3/S32DS/arm_ewl2/lib/armv6-m\libm.a(e_pow.o)
 *(.glue_7)
 .glue_7        0x00000000        0x0 linker stubs
 *(.glue_7t)
 .glue_7t       0x00000000        0x0 linker stubs
 *(.eh_frame)
 *(.init)
 *(.fini)
                0x0000d9f0                . = ALIGN (0x4)

.vfp11_veneer   0x0000d9f0        0x0
 .vfp11_veneer  0x00000000        0x0 linker stubs

.v4_bx          0x0000d9f0        0x0
 .v4_bx         0x00000000        0x0 linker stubs

.iplt           0x0000d9f0        0x0
 .iplt          0x00000000        0x0 C:/NXP/S32DS_ARM_v1.3/S32DS/arm_ewl2/lib/armv6-m/__arm_start.o

.ARM.extab
 *(.ARM.extab* .gnu.linkonce.armextab.*)

.ARM            0x0000d9f0        0x8
                0x0000d9f0                __exidx_start = .
 *(.ARM.exidx*)
 .ARM.exidx     0x0000d9f0        0x8 c:/nxp/s32ds_arm_v1.3/cross_tools/gcc-arm-none-eabi-4_9/bin/../lib/gcc/arm-none-eabi/4.9.3/armv6-m\libgcc.a(_divdi3.o)
 .ARM.exidx     0x0000d9f8        0x0 c:/nxp/s32ds_arm_v1.3/cross_tools/gcc-arm-none-eabi-4_9/bin/../lib/gcc/arm-none-eabi/4.9.3/armv6-m\libgcc.a(_udivdi3.o)
                                  0x8 (size before relaxing)
                0x0000d9f8                __exidx_end = .

.rel.dyn        0x0000d9f8        0x0
 .rel.iplt      0x00000000        0x0 C:/NXP/S32DS_ARM_v1.3/S32DS/arm_ewl2/lib/armv6-m/__arm_start.o

.ctors          0x0000d9f8        0x0
                0x0000d9f8                __CTOR_LIST__ = .
 *crtbegin.o(.ctors)
 *crtbegin?.o(.ctors)
 *(EXCLUDE_FILE(*crtend.o *crtend?.o) .ctors)
 *(SORT(.ctors.*))
 *(.ctors)
                0x0000d9f8                __CTOR_END__ = .

.dtors          0x0000d9f8        0x0
                0x0000d9f8                __DTOR_LIST__ = .
 *crtbegin.o(.dtors)
 *crtbegin?.o(.dtors)
 *(EXCLUDE_FILE(*crtend.o *crtend?.o) .dtors)
 *(SORT(.dtors.*))
 *(.dtors)
                0x0000d9f8                __DTOR_END__ = .

.preinit_array  0x0000d9f8        0x0
                0x0000d9f8                PROVIDE (__preinit_array_start, .)
 *(.preinit_array*)
                0x0000d9f8                PROVIDE (__preinit_array_end, .)

.init_array     0x0000d9f8        0x0
                0x0000d9f8                PROVIDE (__init_array_start, .)
 *(SORT(.init_array.*))
 *(.init_array*)
                0x0000d9f8                PROVIDE (__init_array_end, .)

.fini_array     0x0000d9f8        0x0
                0x0000d9f8                PROVIDE (__fini_array_start, .)
 *(SORT(.fini_array.*))
 *(.fini_array*)
                0x0000d9f8                PROVIDE (__fini_array_end, .)
                0x0000d9f8                __etext = .
                0x0000d9f8                __DATA_ROM = .

.mtb            0x1ffff000        0x0
                0x1ffff000                . = ALIGN (0x8)
                0x1ffff000                _mtb_start = .
 *(.mtb_buf)
                0x1ffff000                . = ALIGN (0x8)
                0x1ffff000                _mtb_end = .

.data           0x1ffff000      0x1d0 load address 0x0000d9f8
                0x1ffff000                . = ALIGN (0x4)
                0x1ffff000                __DATA_RAM = .
                0x1ffff000                __data_start__ = .
                0x1ffff000                _sdata = .
 *(.data)
 *(.data*)
 .data.T1       0x1ffff000       0x28 ./src/main.o
                0x1ffff000                T1
 .data.T2       0x1ffff028       0x28 ./src/main.o
                0x1ffff028                T2
 .data.T3       0x1ffff050       0x28 ./src/main.o
                0x1ffff050                T3
 .data.MS1      0x1ffff078       0x40 ./src/main.o
                0x1ffff078                MS1
 .data.MS2      0x1ffff0b8       0x40 ./src/main.o
                0x1ffff0b8                MS2
 .data.MT1      0x1ffff0f8       0x40 ./src/main.o
                0x1ffff0f8                MT1
 .data.MT2      0x1ffff138       0x40 ./src/main.o
                0x1ffff138                MT2
 .data.L_TapeMotion
                0x1ffff178        0x4 ./src/main.o
                0x1ffff178                L_TapeMotion
 .data.T_TapeMotion
                0x1ffff17c        0x4 ./src/main.o
                0x1ffff17c                T_TapeMotion
 .data.SeqA_ADC
                0x1ffff180        0x4 ./src/main.o
                0x1ffff180                SeqA_ADC
 .data.SeqC_ADC
                0x1ffff184        0x4 ./src/main.o
                0x1ffff184                SeqC_ADC
 .data.Calib1_ADC
                0x1ffff188        0x4 ./src/main.o
                0x1ffff188                Calib1_ADC
 .data.CalibSteps
                0x1ffff18c        0x4 ./src/main.o
                0x1ffff18c                CalibSteps
 .data.SequenceCount
                0x1ffff190        0x4 ./src/main.o
                0x1ffff190                SequenceCount
 .data.MatchTensionADC
                0x1ffff194        0x4 ./src/main.o
                0x1ffff194                MatchTensionADC
 .data.MatchTensionTolerance
                0x1ffff198        0x4 ./src/main.o
                0x1ffff198                MatchTensionTolerance
 .data.MatchTensionID
                0x1ffff19c        0x4 ./src/main.o
                0x1ffff19c                MatchTensionID
 .data.SeqE_Lower
                0x1ffff1a0        0x4 ./src/main.o
                0x1ffff1a0                SeqE_Lower
 .data.SeqE_Upper
                0x1ffff1a4        0x4 ./src/main.o
                0x1ffff1a4                SeqE_Upper
 .data.SeqE_NSteps
                0x1ffff1a8        0x4 ./src/main.o
                0x1ffff1a8                SeqE_NSteps
 .data.__double_nan
                0x1ffff1ac        0x8 C:/NXP/S32DS_ARM_v1.3/S32DS/arm_ewl2/lib/armv6-m\libm.a(float.o)
                0x1ffff1ac                __double_nan
 .data.__double_huge
                0x1ffff1b4        0x8 C:/NXP/S32DS_ARM_v1.3/S32DS/arm_ewl2/lib/armv6-m\libm.a(float.o)
                0x1ffff1b4                __double_huge
 .data.__extended_huge
                0x1ffff1bc        0x8 C:/NXP/S32DS_ARM_v1.3/S32DS/arm_ewl2/lib/armv6-m\libm.a(float.o)
                0x1ffff1bc                __extended_huge
 .data.__float_nan
                0x1ffff1c4        0x4 C:/NXP/S32DS_ARM_v1.3/S32DS/arm_ewl2/lib/armv6-m\libm.a(float.o)
                0x1ffff1c4                __float_nan
 .data.__extended_max
                0x1ffff1c8        0x8 C:/NXP/S32DS_ARM_v1.3/S32DS/arm_ewl2/lib/armv6-m\libm.a(float.o)
                0x1ffff1c8                __extended_max
 *(.jcr*)
                0x1ffff1d0                . = ALIGN (0x4)
                0x1ffff1d0                __data_end__ = .
                0x1ffff1d0                _edata = .
                0x0000dbc8                __DATA_END = (__DATA_ROM + (__data_end__ - __data_start__))
                0x000001d0                ___data_size = (_edata - _sdata)

.igot.plt       0x1ffff1d0        0x0 load address 0x0000dbc8
 .igot.plt      0x00000000        0x0 C:/NXP/S32DS_ARM_v1.3/S32DS/arm_ewl2/lib/armv6-m/__arm_start.o

.bss            0x1ffff1d0      0x40c load address 0x0000dbc8
                0x1ffff1d0                . = ALIGN (0x4)
                0x1ffff1d0                __START_BSS = .
                0x1ffff1d0                __bss_start__ = .
 *(.bss)
 *(.bss*)
 .bss.argv      0x1ffff1d0        0x4 C:/NXP/S32DS_ARM_v1.3/S32DS/arm_ewl2/lib/armv6-m/__arm_start.o
 .bss.InputVal  0x1ffff1d4        0x4 ./src/main.o
                0x1ffff1d4                InputVal
 .bss.SeqErrorCode
                0x1ffff1d8        0x4 ./src/main.o
                0x1ffff1d8                SeqErrorCode
 .bss.MatchTensionDirec
                0x1ffff1dc        0x4 ./src/main.o
                0x1ffff1dc                MatchTensionDirec
 .bss.MatchTensionStepCounter
                0x1ffff1e0        0x4 ./src/main.o
                0x1ffff1e0                MatchTensionStepCounter
 .bss.SeqALock  0x1ffff1e4        0x4 ./src/main.o
                0x1ffff1e4                SeqALock
 .bss.SeqBLock  0x1ffff1e8        0x4 ./src/main.o
                0x1ffff1e8                SeqBLock
 .bss.SeqCLock  0x1ffff1ec        0x4 ./src/main.o
                0x1ffff1ec                SeqCLock
 .bss.SeqDLock  0x1ffff1f0        0x4 ./src/main.o
                0x1ffff1f0                SeqDLock
 .bss.CalibMotorLock
                0x1ffff1f4        0x4 ./src/main.o
                0x1ffff1f4                CalibMotorLock
 .bss.SeqInterrupt
                0x1ffff1f8        0x4 ./src/main.o
                0x1ffff1f8                SeqInterrupt
 .bss.SeqELock  0x1ffff1fc        0x4 ./src/main.o
                0x1ffff1fc                SeqELock
 .bss.MatchTensionLock
                0x1ffff200        0x4 ./src/main.o
                0x1ffff200                MatchTensionLock
 .bss.sofar     0x1ffff204        0x4 ./src/main.o
                0x1ffff204                sofar
 .bss.parsedone
                0x1ffff208        0x4 ./src/main.o
                0x1ffff208                parsedone
 .bss.__stdio_exit
                0x1ffff20c        0x4 C:/NXP/S32DS_ARM_v1.3/S32DS/arm_ewl2/lib/armv6-m\libc99.a(exit.o)
                0x1ffff20c                __stdio_exit
 .bss.__console_exit
                0x1ffff210        0x4 C:/NXP/S32DS_ARM_v1.3/S32DS/arm_ewl2/lib/armv6-m\libc99.a(exit.o)
                0x1ffff210                __console_exit
 .bss.__ewl_constraint_handler
                0x1ffff214        0x4 C:/NXP/S32DS_ARM_v1.3/S32DS/arm_ewl2/lib/armv6-m\libc99.a(secure_error.o)
 .bss.__global_destructor_chain
                0x1ffff218        0x4 C:/NXP/S32DS_ARM_v1.3/S32DS/arm_ewl2/lib/armv6-m\librt.a(__arm_eabi_init.o)
                0x1ffff218                __global_destructor_chain
 *(COMMON)
 COMMON         0x1ffff21c      0x270 ./src/statisticsfunc.o
                0x1ffff21c                T2Measure
                0x1ffff2e4                T1MeanValue
                0x1ffff2e8                T3Measure
                0x1ffff3b0                T1StdValue
                0x1ffff3b4                T2StdValue
                0x1ffff3b8                T3MeanValue
                0x1ffff3bc                T3StdValue
                0x1ffff3c0                T2MeanValue
                0x1ffff3c4                T1Measure
 COMMON         0x1ffff48c      0x10c ./src/parsecommands.o
                0x1ffff48c                Direction
                0x1ffff4cc                adc_value3
                0x1ffff4d0                adc_value
                0x1ffff4d4                adc_value2
                0x1ffff4d8                Command
                0x1ffff518                TargetMotor
                0x1ffff558                ExternObj
 COMMON         0x1ffff598       0x40 ./src/main.o
                0x1ffff598                buffer
 COMMON         0x1ffff5d8        0x4 C:/NXP/S32DS_ARM_v1.3/S32DS/arm_ewl2/lib/armv6-m\libc99.a(errno.o)
                0x1ffff5d8                errno
                0x1ffff5dc                . = ALIGN (0x4)
                0x1ffff5dc                __bss_end__ = .
                0x1ffff5dc                __END_BSS = .
                0x0000dbc8                _romp_at = (__DATA_ROM + SIZEOF (.data))

.romp           0x1ffff5dc       0x18 load address 0x0000dbc8
                0x0000dbc8                __S_romp = _romp_at
                0x1ffff5dc        0x4 LONG 0xd9f8 __DATA_ROM
                0x1ffff5e0        0x4 LONG 0x1ffff000 _sdata
                0x1ffff5e4        0x4 LONG 0x1d0 ___data_size
                0x1ffff5e8        0x4 LONG 0x0
                0x1ffff5ec        0x4 LONG 0x0
                0x1ffff5f0        0x4 LONG 0x0

.heap           0x1ffff5f4      0x504 load address 0x0000dbe0
                0x1ffff5f8                . = ALIGN (0x8)
 *fill*         0x1ffff5f4        0x4 
                0x1ffff5f8                __end__ = .
                0x1ffff5f8                _end = .
                0x1ffff5f8                PROVIDE (end, .)
                0x1ffff5f8                __HeapBase = .
                0x1ffffaf8                . = (. + HEAP_SIZE)
 *fill*         0x1ffff5f8      0x500 
                0x1ffffaf8                __HeapLimit = .

.stack          0x1ffffaf8      0x400 load address 0x0000e0e4
                0x1ffffaf8                . = ALIGN (0x8)
                0x1ffffef8                . = (. + STACK_SIZE)
 *fill*         0x1ffffaf8      0x400 
                0x1ffffef8                __StackTop = .
                0x1ffffaf8                __StackLimit = (__StackTop - STACK_SIZE)
                0x1ffffef8                PROVIDE (__stack, __StackTop)

.ARM.attributes
                0x00000000       0x2f
 *(.ARM.attributes)
 .ARM.attributes
                0x00000000       0x31 C:/NXP/S32DS_ARM_v1.3/S32DS/arm_ewl2/lib/armv6-m/__arm_start.o
 .ARM.attributes
                0x00000031       0x32 ./Project_Settings/Startup_Code/system_SKEAZ1284.o
 .ARM.attributes
                0x00000063       0x1b ./Project_Settings/Startup_Code/startup_SKEAZ1284.o
 .ARM.attributes
                0x0000007e       0x32 ./src/statisticsfunc.o
 .ARM.attributes
                0x000000b0       0x32 ./src/parsecommands.o
 .ARM.attributes
                0x000000e2       0x32 ./src/motorfuncs.o
 .ARM.attributes
                0x00000114       0x32 ./src/main.o
 .ARM.attributes
                0x00000146       0x32 ./src/UART.o
 .ARM.attributes
                0x00000178       0x32 ./src/GPIO.o
 .ARM.attributes
                0x000001aa       0x32 ./src/FTM.o
 .ARM.attributes
                0x000001dc       0x32 ./src/CLK.o
 .ARM.attributes
                0x0000020e       0x32 ./src/ADC.o
 .ARM.attributes
                0x00000240       0x31 C:/NXP/S32DS_ARM_v1.3/S32DS/arm_ewl2/lib/armv6-m\libc99.a(sprintf.o)
 .ARM.attributes
                0x00000271       0x31 C:/NXP/S32DS_ARM_v1.3/S32DS/arm_ewl2/lib/armv6-m\libc99.a(sscanf.o)
 .ARM.attributes
                0x000002a2       0x31 C:/NXP/S32DS_ARM_v1.3/S32DS/arm_ewl2/lib/armv6-m\libc99.a(vsnprintf.o)
 .ARM.attributes
                0x000002d3       0x31 C:/NXP/S32DS_ARM_v1.3/S32DS/arm_ewl2/lib/armv6-m\libc99.a(vsscanf.o)
 .ARM.attributes
                0x00000304       0x31 C:/NXP/S32DS_ARM_v1.3/S32DS/arm_ewl2/lib/armv6-m\libc99.a(exit.o)
 .ARM.attributes
                0x00000335       0x31 C:/NXP/S32DS_ARM_v1.3/S32DS/arm_ewl2/lib/armv6-m\libc99.a(memcpy.o)
 .ARM.attributes
                0x00000366       0x31 C:/NXP/S32DS_ARM_v1.3/S32DS/arm_ewl2/lib/armv6-m\libc99.a(memset.o)
 .ARM.attributes
                0x00000397       0x31 C:/NXP/S32DS_ARM_v1.3/S32DS/arm_ewl2/lib/armv6-m\libc99.a(strcat.o)
 .ARM.attributes
                0x000003c8       0x31 C:/NXP/S32DS_ARM_v1.3/S32DS/arm_ewl2/lib/armv6-m\libc99.a(strcmp.o)
 .ARM.attributes
                0x000003f9       0x31 C:/NXP/S32DS_ARM_v1.3/S32DS/arm_ewl2/lib/armv6-m\libc99.a(strlen.o)
 .ARM.attributes
                0x0000042a       0x31 C:/NXP/S32DS_ARM_v1.3/S32DS/arm_ewl2/lib/armv6-m\libc99.a(__printformat.o)
 .ARM.attributes
                0x0000045b       0x31 C:/NXP/S32DS_ARM_v1.3/S32DS/arm_ewl2/lib/armv6-m\libc99.a(__scanformat.o)
 .ARM.attributes
                0x0000048c       0x31 C:/NXP/S32DS_ARM_v1.3/S32DS/arm_ewl2/lib/armv6-m\libc99.a(ctype_aeabi.o)
 .ARM.attributes
                0x000004bd       0x31 C:/NXP/S32DS_ARM_v1.3/S32DS/arm_ewl2/lib/armv6-m\libc99.a(secure_error.o)
 .ARM.attributes
                0x000004ee       0x31 C:/NXP/S32DS_ARM_v1.3/S32DS/arm_ewl2/lib/armv6-m\libc99.a(__strtold.o)
 .ARM.attributes
                0x0000051f       0x31 C:/NXP/S32DS_ARM_v1.3/S32DS/arm_ewl2/lib/armv6-m\libc99.a(mbstowcs_s.o)
 .ARM.attributes
                0x00000550       0x31 C:/NXP/S32DS_ARM_v1.3/S32DS/arm_ewl2/lib/armv6-m\libc99.a(mbtowc.o)
 .ARM.attributes
                0x00000581       0x31 C:/NXP/S32DS_ARM_v1.3/S32DS/arm_ewl2/lib/armv6-m\libc99.a(__strtoul.o)
 .ARM.attributes
                0x000005b2       0x31 C:/NXP/S32DS_ARM_v1.3/S32DS/arm_ewl2/lib/armv6-m\libc99.a(__strtoull.o)
 .ARM.attributes
                0x000005e3       0x31 C:/NXP/S32DS_ARM_v1.3/S32DS/arm_ewl2/lib/armv6-m\libc99.a(wctomb.o)
 .ARM.attributes
                0x00000614       0x31 C:/NXP/S32DS_ARM_v1.3/S32DS/arm_ewl2/lib/armv6-m\libc99.a(__filll_mem.o)
 .ARM.attributes
                0x00000645       0x31 C:/NXP/S32DS_ARM_v1.3/S32DS/arm_ewl2/lib/armv6-m\libc99.a(memchr.o)
 .ARM.attributes
                0x00000676       0x31 C:/NXP/S32DS_ARM_v1.3/S32DS/arm_ewl2/lib/armv6-m\libc99.a(strchr.o)
 .ARM.attributes
                0x000006a7       0x31 C:/NXP/S32DS_ARM_v1.3/S32DS/arm_ewl2/lib/armv6-m\libc99.a(strcpy.o)
 .ARM.attributes
                0x000006d8       0x31 C:/NXP/S32DS_ARM_v1.3/S32DS/arm_ewl2/lib/armv6-m\libc99.a(strncpy.o)
 .ARM.attributes
                0x00000709       0x31 C:/NXP/S32DS_ARM_v1.3/S32DS/arm_ewl2/lib/armv6-m\libc99.a(math_ARM.o)
 .ARM.attributes
                0x0000073a       0x31 C:/NXP/S32DS_ARM_v1.3/S32DS/arm_ewl2/lib/armv6-m\libc99.a(errno.o)
 .ARM.attributes
                0x0000076b       0x31 C:/NXP/S32DS_ARM_v1.3/S32DS/arm_ewl2/lib/armv6-m\libm.a(ansi_fp.o)
 .ARM.attributes
                0x0000079c       0x31 C:/NXP/S32DS_ARM_v1.3/S32DS/arm_ewl2/lib/armv6-m\libm.a(float.o)
 .ARM.attributes
                0x000007cd       0x31 C:/NXP/S32DS_ARM_v1.3/S32DS/arm_ewl2/lib/armv6-m\libm.a(math_api.o)
 .ARM.attributes
                0x000007fe       0x31 C:/NXP/S32DS_ARM_v1.3/S32DS/arm_ewl2/lib/armv6-m\libm.a(s_frexp.o)
 .ARM.attributes
                0x0000082f       0x31 C:/NXP/S32DS_ARM_v1.3/S32DS/arm_ewl2/lib/armv6-m\libm.a(s_ldexp.o)
 .ARM.attributes
                0x00000860       0x31 C:/NXP/S32DS_ARM_v1.3/S32DS/arm_ewl2/lib/armv6-m\libm.a(w_pow.o)
 .ARM.attributes
                0x00000891       0x31 C:/NXP/S32DS_ARM_v1.3/S32DS/arm_ewl2/lib/armv6-m\libm.a(w_sqrt.o)
 .ARM.attributes
                0x000008c2       0x31 C:/NXP/S32DS_ARM_v1.3/S32DS/arm_ewl2/lib/armv6-m\libm.a(e_pow.o)
 .ARM.attributes
                0x000008f3       0x31 C:/NXP/S32DS_ARM_v1.3/S32DS/arm_ewl2/lib/armv6-m\libm.a(e_sqrt.o)
 .ARM.attributes
                0x00000924       0x31 C:/NXP/S32DS_ARM_v1.3/S32DS/arm_ewl2/lib/armv6-m\libm.a(scalbn.o)
 .ARM.attributes
                0x00000955       0x1e c:/nxp/s32ds_arm_v1.3/cross_tools/gcc-arm-none-eabi-4_9/bin/../lib/gcc/arm-none-eabi/4.9.3/armv6-m\libgcc.a(_thumb1_case_sqi.o)
 .ARM.attributes
                0x00000973       0x1e c:/nxp/s32ds_arm_v1.3/cross_tools/gcc-arm-none-eabi-4_9/bin/../lib/gcc/arm-none-eabi/4.9.3/armv6-m\libgcc.a(_thumb1_case_uqi.o)
 .ARM.attributes
                0x00000991       0x1e c:/nxp/s32ds_arm_v1.3/cross_tools/gcc-arm-none-eabi-4_9/bin/../lib/gcc/arm-none-eabi/4.9.3/armv6-m\libgcc.a(_thumb1_case_shi.o)
 .ARM.attributes
                0x000009af       0x1e c:/nxp/s32ds_arm_v1.3/cross_tools/gcc-arm-none-eabi-4_9/bin/../lib/gcc/arm-none-eabi/4.9.3/armv6-m\libgcc.a(_udivsi3.o)
 .ARM.attributes
                0x000009cd       0x1e c:/nxp/s32ds_arm_v1.3/cross_tools/gcc-arm-none-eabi-4_9/bin/../lib/gcc/arm-none-eabi/4.9.3/armv6-m\libgcc.a(_divsi3.o)
 .ARM.attributes
                0x000009eb       0x1e c:/nxp/s32ds_arm_v1.3/cross_tools/gcc-arm-none-eabi-4_9/bin/../lib/gcc/arm-none-eabi/4.9.3/armv6-m\libgcc.a(_dvmd_tls.o)
 .ARM.attributes
                0x00000a09       0x1e c:/nxp/s32ds_arm_v1.3/cross_tools/gcc-arm-none-eabi-4_9/bin/../lib/gcc/arm-none-eabi/4.9.3/armv6-m\libgcc.a(_arm_cmpdf2.o)
 .ARM.attributes
                0x00000a27       0x1e c:/nxp/s32ds_arm_v1.3/cross_tools/gcc-arm-none-eabi-4_9/bin/../lib/gcc/arm-none-eabi/4.9.3/armv6-m\libgcc.a(_aeabi_uldivmod.o)
 .ARM.attributes
                0x00000a45       0x2c c:/nxp/s32ds_arm_v1.3/cross_tools/gcc-arm-none-eabi-4_9/bin/../lib/gcc/arm-none-eabi/4.9.3/armv6-m\libgcc.a(_muldi3.o)
 .ARM.attributes
                0x00000a71       0x2c c:/nxp/s32ds_arm_v1.3/cross_tools/gcc-arm-none-eabi-4_9/bin/../lib/gcc/arm-none-eabi/4.9.3/armv6-m\libgcc.a(bpabi.o)
 .ARM.attributes
                0x00000a9d       0x2c c:/nxp/s32ds_arm_v1.3/cross_tools/gcc-arm-none-eabi-4_9/bin/../lib/gcc/arm-none-eabi/4.9.3/armv6-m\libgcc.a(addsf3.o)
 .ARM.attributes
                0x00000ac9       0x2c c:/nxp/s32ds_arm_v1.3/cross_tools/gcc-arm-none-eabi-4_9/bin/../lib/gcc/arm-none-eabi/4.9.3/armv6-m\libgcc.a(divsf3.o)
 .ARM.attributes
                0x00000af5       0x2c c:/nxp/s32ds_arm_v1.3/cross_tools/gcc-arm-none-eabi-4_9/bin/../lib/gcc/arm-none-eabi/4.9.3/armv6-m\libgcc.a(mulsf3.o)
 .ARM.attributes
                0x00000b21       0x2c c:/nxp/s32ds_arm_v1.3/cross_tools/gcc-arm-none-eabi-4_9/bin/../lib/gcc/arm-none-eabi/4.9.3/armv6-m\libgcc.a(subsf3.o)
 .ARM.attributes
                0x00000b4d       0x2c c:/nxp/s32ds_arm_v1.3/cross_tools/gcc-arm-none-eabi-4_9/bin/../lib/gcc/arm-none-eabi/4.9.3/armv6-m\libgcc.a(fixsfsi.o)
 .ARM.attributes
                0x00000b79       0x2c c:/nxp/s32ds_arm_v1.3/cross_tools/gcc-arm-none-eabi-4_9/bin/../lib/gcc/arm-none-eabi/4.9.3/armv6-m\libgcc.a(floatsisf.o)
 .ARM.attributes
                0x00000ba5       0x2c c:/nxp/s32ds_arm_v1.3/cross_tools/gcc-arm-none-eabi-4_9/bin/../lib/gcc/arm-none-eabi/4.9.3/armv6-m\libgcc.a(adddf3.o)
 .ARM.attributes
                0x00000bd1       0x2c c:/nxp/s32ds_arm_v1.3/cross_tools/gcc-arm-none-eabi-4_9/bin/../lib/gcc/arm-none-eabi/4.9.3/armv6-m\libgcc.a(divdf3.o)
 .ARM.attributes
                0x00000bfd       0x2c c:/nxp/s32ds_arm_v1.3/cross_tools/gcc-arm-none-eabi-4_9/bin/../lib/gcc/arm-none-eabi/4.9.3/armv6-m\libgcc.a(eqdf2.o)
 .ARM.attributes
                0x00000c29       0x2c c:/nxp/s32ds_arm_v1.3/cross_tools/gcc-arm-none-eabi-4_9/bin/../lib/gcc/arm-none-eabi/4.9.3/armv6-m\libgcc.a(gedf2.o)
 .ARM.attributes
                0x00000c55       0x2c c:/nxp/s32ds_arm_v1.3/cross_tools/gcc-arm-none-eabi-4_9/bin/../lib/gcc/arm-none-eabi/4.9.3/armv6-m\libgcc.a(ledf2.o)
 .ARM.attributes
                0x00000c81       0x2c c:/nxp/s32ds_arm_v1.3/cross_tools/gcc-arm-none-eabi-4_9/bin/../lib/gcc/arm-none-eabi/4.9.3/armv6-m\libgcc.a(muldf3.o)
 .ARM.attributes
                0x00000cad       0x2c c:/nxp/s32ds_arm_v1.3/cross_tools/gcc-arm-none-eabi-4_9/bin/../lib/gcc/arm-none-eabi/4.9.3/armv6-m\libgcc.a(subdf3.o)
 .ARM.attributes
                0x00000cd9       0x2c c:/nxp/s32ds_arm_v1.3/cross_tools/gcc-arm-none-eabi-4_9/bin/../lib/gcc/arm-none-eabi/4.9.3/armv6-m\libgcc.a(fixdfsi.o)
 .ARM.attributes
                0x00000d05       0x2c c:/nxp/s32ds_arm_v1.3/cross_tools/gcc-arm-none-eabi-4_9/bin/../lib/gcc/arm-none-eabi/4.9.3/armv6-m\libgcc.a(floatsidf.o)
 .ARM.attributes
                0x00000d31       0x2c c:/nxp/s32ds_arm_v1.3/cross_tools/gcc-arm-none-eabi-4_9/bin/../lib/gcc/arm-none-eabi/4.9.3/armv6-m\libgcc.a(extendsfdf2.o)
 .ARM.attributes
                0x00000d5d       0x2c c:/nxp/s32ds_arm_v1.3/cross_tools/gcc-arm-none-eabi-4_9/bin/../lib/gcc/arm-none-eabi/4.9.3/armv6-m\libgcc.a(truncdfsf2.o)
 .ARM.attributes
                0x00000d89       0x1e c:/nxp/s32ds_arm_v1.3/cross_tools/gcc-arm-none-eabi-4_9/bin/../lib/gcc/arm-none-eabi/4.9.3/armv6-m\libgcc.a(_clzsi2.o)
 .ARM.attributes
                0x00000da7       0x2c c:/nxp/s32ds_arm_v1.3/cross_tools/gcc-arm-none-eabi-4_9/bin/../lib/gcc/arm-none-eabi/4.9.3/armv6-m\libgcc.a(_divdi3.o)
 .ARM.attributes
                0x00000dd3       0x2c c:/nxp/s32ds_arm_v1.3/cross_tools/gcc-arm-none-eabi-4_9/bin/../lib/gcc/arm-none-eabi/4.9.3/armv6-m\libgcc.a(_udivdi3.o)
 .ARM.attributes
                0x00000dff       0x1e c:/nxp/s32ds_arm_v1.3/cross_tools/gcc-arm-none-eabi-4_9/bin/../lib/gcc/arm-none-eabi/4.9.3/armv6-m\libgcc.a(_clzdi2.o)
 .ARM.attributes
                0x00000e1d       0x31 C:/NXP/S32DS_ARM_v1.3/S32DS/arm_ewl2/lib/armv6-m\librt.a(gcc_ctor_dtor.o)
 .ARM.attributes
                0x00000e4e       0x31 C:/NXP/S32DS_ARM_v1.3/S32DS/arm_ewl2/lib/armv6-m\librt.a(__arm_eabi_init.o)
 .ARM.attributes
                0x00000e7f       0x31 C:/NXP/S32DS_ARM_v1.3/S32DS/arm_ewl2/lib/armv6-m\librt.a(ROMCopy.o)
OUTPUT(AutomatedTapedriveControl.elf elf32-littlearm)

.debug_info     0x00000000     0xbeb1
 .debug_info    0x00000000      0x144 C:/NXP/S32DS_ARM_v1.3/S32DS/arm_ewl2/lib/armv6-m/__arm_start.o
 .debug_info    0x00000144      0x324 ./Project_Settings/Startup_Code/system_SKEAZ1284.o
 .debug_info    0x00000468       0xa1 ./Project_Settings/Startup_Code/startup_SKEAZ1284.o
 .debug_info    0x00000509      0x398 ./src/statisticsfunc.o
 .debug_info    0x000008a1     0x158d ./src/parsecommands.o
 .debug_info    0x00001e2e      0xc68 ./src/motorfuncs.o
 .debug_info    0x00002a96      0xb41 ./src/main.o
 .debug_info    0x000035d7      0x447 ./src/UART.o
 .debug_info    0x00003a1e      0x10e ./src/GPIO.o
 .debug_info    0x00003b2c      0x3f9 ./src/FTM.o
 .debug_info    0x00003f25       0xe9 ./src/CLK.o
 .debug_info    0x0000400e      0x3cc ./src/ADC.o
 .debug_info    0x000043da      0x3f0 C:/NXP/S32DS_ARM_v1.3/S32DS/arm_ewl2/lib/armv6-m\libc99.a(sprintf.o)
 .debug_info    0x000047ca      0x118 C:/NXP/S32DS_ARM_v1.3/S32DS/arm_ewl2/lib/armv6-m\libc99.a(sscanf.o)
 .debug_info    0x000048e2      0x4cc C:/NXP/S32DS_ARM_v1.3/S32DS/arm_ewl2/lib/armv6-m\libc99.a(vsnprintf.o)
 .debug_info    0x00004dae      0x250 C:/NXP/S32DS_ARM_v1.3/S32DS/arm_ewl2/lib/armv6-m\libc99.a(vsscanf.o)
 .debug_info    0x00004ffe      0x112 C:/NXP/S32DS_ARM_v1.3/S32DS/arm_ewl2/lib/armv6-m\libc99.a(exit.o)
 .debug_info    0x00005110      0x10f C:/NXP/S32DS_ARM_v1.3/S32DS/arm_ewl2/lib/armv6-m\libc99.a(memcpy.o)
 .debug_info    0x0000521f       0xec C:/NXP/S32DS_ARM_v1.3/S32DS/arm_ewl2/lib/armv6-m\libc99.a(memset.o)
 .debug_info    0x0000530b       0xee C:/NXP/S32DS_ARM_v1.3/S32DS/arm_ewl2/lib/armv6-m\libc99.a(strcat.o)
 .debug_info    0x000053f9      0x113 C:/NXP/S32DS_ARM_v1.3/S32DS/arm_ewl2/lib/armv6-m\libc99.a(strcmp.o)
 .debug_info    0x0000550c       0xe9 C:/NXP/S32DS_ARM_v1.3/S32DS/arm_ewl2/lib/armv6-m\libc99.a(strlen.o)
 .debug_info    0x000055f5      0xe1c C:/NXP/S32DS_ARM_v1.3/S32DS/arm_ewl2/lib/armv6-m\libc99.a(__printformat.o)
 .debug_info    0x00006411      0x928 C:/NXP/S32DS_ARM_v1.3/S32DS/arm_ewl2/lib/armv6-m\libc99.a(__scanformat.o)
 .debug_info    0x00006d39      0x306 C:/NXP/S32DS_ARM_v1.3/S32DS/arm_ewl2/lib/armv6-m\libc99.a(ctype_aeabi.o)
 .debug_info    0x0000703f      0x247 C:/NXP/S32DS_ARM_v1.3/S32DS/arm_ewl2/lib/armv6-m\libc99.a(secure_error.o)
 .debug_info    0x00007286      0x8a7 C:/NXP/S32DS_ARM_v1.3/S32DS/arm_ewl2/lib/armv6-m\libc99.a(__strtold.o)
 .debug_info    0x00007b2d      0x570 C:/NXP/S32DS_ARM_v1.3/S32DS/arm_ewl2/lib/armv6-m\libc99.a(mbstowcs_s.o)
 .debug_info    0x0000809d      0x415 C:/NXP/S32DS_ARM_v1.3/S32DS/arm_ewl2/lib/armv6-m\libc99.a(mbtowc.o)
 .debug_info    0x000084b2      0x6e4 C:/NXP/S32DS_ARM_v1.3/S32DS/arm_ewl2/lib/armv6-m\libc99.a(__strtoul.o)
 .debug_info    0x00008b96      0x6e5 C:/NXP/S32DS_ARM_v1.3/S32DS/arm_ewl2/lib/armv6-m\libc99.a(__strtoull.o)
 .debug_info    0x0000927b      0x3e7 C:/NXP/S32DS_ARM_v1.3/S32DS/arm_ewl2/lib/armv6-m\libc99.a(wctomb.o)
 .debug_info    0x00009662      0x137 C:/NXP/S32DS_ARM_v1.3/S32DS/arm_ewl2/lib/armv6-m\libc99.a(__filll_mem.o)
 .debug_info    0x00009799      0x121 C:/NXP/S32DS_ARM_v1.3/S32DS/arm_ewl2/lib/armv6-m\libc99.a(memchr.o)
 .debug_info    0x000098ba      0x108 C:/NXP/S32DS_ARM_v1.3/S32DS/arm_ewl2/lib/armv6-m\libc99.a(strchr.o)
 .debug_info    0x000099c2      0x108 C:/NXP/S32DS_ARM_v1.3/S32DS/arm_ewl2/lib/armv6-m\libc99.a(strcpy.o)
 .debug_info    0x00009aca      0x108 C:/NXP/S32DS_ARM_v1.3/S32DS/arm_ewl2/lib/armv6-m\libc99.a(strncpy.o)
 .debug_info    0x00009bd2      0x414 C:/NXP/S32DS_ARM_v1.3/S32DS/arm_ewl2/lib/armv6-m\libc99.a(math_ARM.o)
 .debug_info    0x00009fe6       0x9d C:/NXP/S32DS_ARM_v1.3/S32DS/arm_ewl2/lib/armv6-m\libc99.a(errno.o)
 .debug_info    0x0000a083      0x520 C:/NXP/S32DS_ARM_v1.3/S32DS/arm_ewl2/lib/armv6-m\libm.a(ansi_fp.o)
 .debug_info    0x0000a5a3      0x1e4 C:/NXP/S32DS_ARM_v1.3/S32DS/arm_ewl2/lib/armv6-m\libm.a(float.o)
 .debug_info    0x0000a787      0x303 C:/NXP/S32DS_ARM_v1.3/S32DS/arm_ewl2/lib/armv6-m\libm.a(math_api.o)
 .debug_info    0x0000aa8a      0x1a1 C:/NXP/S32DS_ARM_v1.3/S32DS/arm_ewl2/lib/armv6-m\libm.a(s_frexp.o)
 .debug_info    0x0000ac2b      0x1e2 C:/NXP/S32DS_ARM_v1.3/S32DS/arm_ewl2/lib/armv6-m\libm.a(s_ldexp.o)
 .debug_info    0x0000ae0d       0xc0 C:/NXP/S32DS_ARM_v1.3/S32DS/arm_ewl2/lib/armv6-m\libm.a(w_pow.o)
 .debug_info    0x0000aecd       0xb3 C:/NXP/S32DS_ARM_v1.3/S32DS/arm_ewl2/lib/armv6-m\libm.a(w_sqrt.o)
 .debug_info    0x0000af80      0x5c4 C:/NXP/S32DS_ARM_v1.3/S32DS/arm_ewl2/lib/armv6-m\libm.a(e_pow.o)
 .debug_info    0x0000b544      0x266 C:/NXP/S32DS_ARM_v1.3/S32DS/arm_ewl2/lib/armv6-m\libm.a(e_sqrt.o)
 .debug_info    0x0000b7aa       0xf9 C:/NXP/S32DS_ARM_v1.3/S32DS/arm_ewl2/lib/armv6-m\libm.a(scalbn.o)
 .debug_info    0x0000b8a3      0x14a C:/NXP/S32DS_ARM_v1.3/S32DS/arm_ewl2/lib/armv6-m\librt.a(gcc_ctor_dtor.o)
 .debug_info    0x0000b9ed      0x2b5 C:/NXP/S32DS_ARM_v1.3/S32DS/arm_ewl2/lib/armv6-m\librt.a(__arm_eabi_init.o)
 .debug_info    0x0000bca2      0x20f C:/NXP/S32DS_ARM_v1.3/S32DS/arm_ewl2/lib/armv6-m\librt.a(ROMCopy.o)

.debug_abbrev   0x00000000     0x33dc
 .debug_abbrev  0x00000000       0xc0 C:/NXP/S32DS_ARM_v1.3/S32DS/arm_ewl2/lib/armv6-m/__arm_start.o
 .debug_abbrev  0x000000c0      0x102 ./Project_Settings/Startup_Code/system_SKEAZ1284.o
 .debug_abbrev  0x000001c2       0x14 ./Project_Settings/Startup_Code/startup_SKEAZ1284.o
 .debug_abbrev  0x000001d6      0x11f ./src/statisticsfunc.o
 .debug_abbrev  0x000002f5      0x22b ./src/parsecommands.o
 .debug_abbrev  0x00000520      0x24f ./src/motorfuncs.o
 .debug_abbrev  0x0000076f      0x22e ./src/main.o
 .debug_abbrev  0x0000099d      0x188 ./src/UART.o
 .debug_abbrev  0x00000b25       0x87 ./src/GPIO.o
 .debug_abbrev  0x00000bac      0x101 ./src/FTM.o
 .debug_abbrev  0x00000cad       0x80 ./src/CLK.o
 .debug_abbrev  0x00000d2d      0x13c ./src/ADC.o
 .debug_abbrev  0x00000e69      0x12d C:/NXP/S32DS_ARM_v1.3/S32DS/arm_ewl2/lib/armv6-m\libc99.a(sprintf.o)
 .debug_abbrev  0x00000f96       0xb1 C:/NXP/S32DS_ARM_v1.3/S32DS/arm_ewl2/lib/armv6-m\libc99.a(sscanf.o)
 .debug_abbrev  0x00001047      0x150 C:/NXP/S32DS_ARM_v1.3/S32DS/arm_ewl2/lib/armv6-m\libc99.a(vsnprintf.o)
 .debug_abbrev  0x00001197      0x15d C:/NXP/S32DS_ARM_v1.3/S32DS/arm_ewl2/lib/armv6-m\libc99.a(vsscanf.o)
 .debug_abbrev  0x000012f4       0x7a C:/NXP/S32DS_ARM_v1.3/S32DS/arm_ewl2/lib/armv6-m\libc99.a(exit.o)
 .debug_abbrev  0x0000136e       0x95 C:/NXP/S32DS_ARM_v1.3/S32DS/arm_ewl2/lib/armv6-m\libc99.a(memcpy.o)
 .debug_abbrev  0x00001403       0x62 C:/NXP/S32DS_ARM_v1.3/S32DS/arm_ewl2/lib/armv6-m\libc99.a(memset.o)
 .debug_abbrev  0x00001465       0x7a C:/NXP/S32DS_ARM_v1.3/S32DS/arm_ewl2/lib/armv6-m\libc99.a(strcat.o)
 .debug_abbrev  0x000014df       0x89 C:/NXP/S32DS_ARM_v1.3/S32DS/arm_ewl2/lib/armv6-m\libc99.a(strcmp.o)
 .debug_abbrev  0x00001568       0x7a C:/NXP/S32DS_ARM_v1.3/S32DS/arm_ewl2/lib/armv6-m\libc99.a(strlen.o)
 .debug_abbrev  0x000015e2      0x29d C:/NXP/S32DS_ARM_v1.3/S32DS/arm_ewl2/lib/armv6-m\libc99.a(__printformat.o)
 .debug_abbrev  0x0000187f      0x246 C:/NXP/S32DS_ARM_v1.3/S32DS/arm_ewl2/lib/armv6-m\libc99.a(__scanformat.o)
 .debug_abbrev  0x00001ac5       0x85 C:/NXP/S32DS_ARM_v1.3/S32DS/arm_ewl2/lib/armv6-m\libc99.a(ctype_aeabi.o)
 .debug_abbrev  0x00001b4a      0x131 C:/NXP/S32DS_ARM_v1.3/S32DS/arm_ewl2/lib/armv6-m\libc99.a(secure_error.o)
 .debug_abbrev  0x00001c7b      0x1b3 C:/NXP/S32DS_ARM_v1.3/S32DS/arm_ewl2/lib/armv6-m\libc99.a(__strtold.o)
 .debug_abbrev  0x00001e2e      0x132 C:/NXP/S32DS_ARM_v1.3/S32DS/arm_ewl2/lib/armv6-m\libc99.a(mbstowcs_s.o)
 .debug_abbrev  0x00001f60      0x11e C:/NXP/S32DS_ARM_v1.3/S32DS/arm_ewl2/lib/armv6-m\libc99.a(mbtowc.o)
 .debug_abbrev  0x0000207e      0x188 C:/NXP/S32DS_ARM_v1.3/S32DS/arm_ewl2/lib/armv6-m\libc99.a(__strtoul.o)
 .debug_abbrev  0x00002206      0x197 C:/NXP/S32DS_ARM_v1.3/S32DS/arm_ewl2/lib/armv6-m\libc99.a(__strtoull.o)
 .debug_abbrev  0x0000239d      0x126 C:/NXP/S32DS_ARM_v1.3/S32DS/arm_ewl2/lib/armv6-m\libc99.a(wctomb.o)
 .debug_abbrev  0x000024c3       0x78 C:/NXP/S32DS_ARM_v1.3/S32DS/arm_ewl2/lib/armv6-m\libc99.a(__filll_mem.o)
 .debug_abbrev  0x0000253b       0x95 C:/NXP/S32DS_ARM_v1.3/S32DS/arm_ewl2/lib/armv6-m\libc99.a(memchr.o)
 .debug_abbrev  0x000025d0       0x89 C:/NXP/S32DS_ARM_v1.3/S32DS/arm_ewl2/lib/armv6-m\libc99.a(strchr.o)
 .debug_abbrev  0x00002659       0x78 C:/NXP/S32DS_ARM_v1.3/S32DS/arm_ewl2/lib/armv6-m\libc99.a(strcpy.o)
 .debug_abbrev  0x000026d1       0x89 C:/NXP/S32DS_ARM_v1.3/S32DS/arm_ewl2/lib/armv6-m\libc99.a(strncpy.o)
 .debug_abbrev  0x0000275a       0xd7 C:/NXP/S32DS_ARM_v1.3/S32DS/arm_ewl2/lib/armv6-m\libc99.a(math_ARM.o)
 .debug_abbrev  0x00002831       0x44 C:/NXP/S32DS_ARM_v1.3/S32DS/arm_ewl2/lib/armv6-m\libc99.a(errno.o)
 .debug_abbrev  0x00002875      0x15d C:/NXP/S32DS_ARM_v1.3/S32DS/arm_ewl2/lib/armv6-m\libm.a(ansi_fp.o)
 .debug_abbrev  0x000029d2       0x56 C:/NXP/S32DS_ARM_v1.3/S32DS/arm_ewl2/lib/armv6-m\libm.a(float.o)
 .debug_abbrev  0x00002a28       0xe8 C:/NXP/S32DS_ARM_v1.3/S32DS/arm_ewl2/lib/armv6-m\libm.a(math_api.o)
 .debug_abbrev  0x00002b10       0xce C:/NXP/S32DS_ARM_v1.3/S32DS/arm_ewl2/lib/armv6-m\libm.a(s_frexp.o)
 .debug_abbrev  0x00002bde       0xce C:/NXP/S32DS_ARM_v1.3/S32DS/arm_ewl2/lib/armv6-m\libm.a(s_ldexp.o)
 .debug_abbrev  0x00002cac       0x59 C:/NXP/S32DS_ARM_v1.3/S32DS/arm_ewl2/lib/armv6-m\libm.a(w_pow.o)
 .debug_abbrev  0x00002d05       0x59 C:/NXP/S32DS_ARM_v1.3/S32DS/arm_ewl2/lib/armv6-m\libm.a(w_sqrt.o)
 .debug_abbrev  0x00002d5e      0x157 C:/NXP/S32DS_ARM_v1.3/S32DS/arm_ewl2/lib/armv6-m\libm.a(e_pow.o)
 .debug_abbrev  0x00002eb5      0x10b C:/NXP/S32DS_ARM_v1.3/S32DS/arm_ewl2/lib/armv6-m\libm.a(e_sqrt.o)
 .debug_abbrev  0x00002fc0       0x86 C:/NXP/S32DS_ARM_v1.3/S32DS/arm_ewl2/lib/armv6-m\libm.a(scalbn.o)
 .debug_abbrev  0x00003046       0xae C:/NXP/S32DS_ARM_v1.3/S32DS/arm_ewl2/lib/armv6-m\librt.a(gcc_ctor_dtor.o)
 .debug_abbrev  0x000030f4      0x1ba C:/NXP/S32DS_ARM_v1.3/S32DS/arm_ewl2/lib/armv6-m\librt.a(__arm_eabi_init.o)
 .debug_abbrev  0x000032ae      0x12e C:/NXP/S32DS_ARM_v1.3/S32DS/arm_ewl2/lib/armv6-m\librt.a(ROMCopy.o)

.debug_aranges  0x00000000      0xb20
 .debug_aranges
                0x00000000       0x28 C:/NXP/S32DS_ARM_v1.3/S32DS/arm_ewl2/lib/armv6-m/__arm_start.o
 .debug_aranges
                0x00000028       0x28 ./Project_Settings/Startup_Code/system_SKEAZ1284.o
 .debug_aranges
                0x00000050       0x20 ./Project_Settings/Startup_Code/startup_SKEAZ1284.o
 .debug_aranges
                0x00000070       0x40 ./src/statisticsfunc.o
 .debug_aranges
                0x000000b0       0x28 ./src/parsecommands.o
 .debug_aranges
                0x000000d8       0xc8 ./src/motorfuncs.o
 .debug_aranges
                0x000001a0       0xa0 ./src/main.o
 .debug_aranges
                0x00000240       0x40 ./src/UART.o
 .debug_aranges
                0x00000280       0x20 ./src/GPIO.o
 .debug_aranges
                0x000002a0       0x68 ./src/FTM.o
 .debug_aranges
                0x00000308       0x20 ./src/CLK.o
 .debug_aranges
                0x00000328       0x38 ./src/ADC.o
 .debug_aranges
                0x00000360       0x28 C:/NXP/S32DS_ARM_v1.3/S32DS/arm_ewl2/lib/armv6-m\libc99.a(sprintf.o)
 .debug_aranges
                0x00000388       0x20 C:/NXP/S32DS_ARM_v1.3/S32DS/arm_ewl2/lib/armv6-m\libc99.a(sscanf.o)
 .debug_aranges
                0x000003a8       0x30 C:/NXP/S32DS_ARM_v1.3/S32DS/arm_ewl2/lib/armv6-m\libc99.a(vsnprintf.o)
 .debug_aranges
                0x000003d8       0x28 C:/NXP/S32DS_ARM_v1.3/S32DS/arm_ewl2/lib/armv6-m\libc99.a(vsscanf.o)
 .debug_aranges
                0x00000400       0x28 C:/NXP/S32DS_ARM_v1.3/S32DS/arm_ewl2/lib/armv6-m\libc99.a(exit.o)
 .debug_aranges
                0x00000428       0x20 C:/NXP/S32DS_ARM_v1.3/S32DS/arm_ewl2/lib/armv6-m\libc99.a(memcpy.o)
 .debug_aranges
                0x00000448       0x20 C:/NXP/S32DS_ARM_v1.3/S32DS/arm_ewl2/lib/armv6-m\libc99.a(memset.o)
 .debug_aranges
                0x00000468       0x20 C:/NXP/S32DS_ARM_v1.3/S32DS/arm_ewl2/lib/armv6-m\libc99.a(strcat.o)
 .debug_aranges
                0x00000488       0x20 C:/NXP/S32DS_ARM_v1.3/S32DS/arm_ewl2/lib/armv6-m\libc99.a(strcmp.o)
 .debug_aranges
                0x000004a8       0x20 C:/NXP/S32DS_ARM_v1.3/S32DS/arm_ewl2/lib/armv6-m\libc99.a(strlen.o)
 .debug_aranges
                0x000004c8       0x48 C:/NXP/S32DS_ARM_v1.3/S32DS/arm_ewl2/lib/armv6-m\libc99.a(__printformat.o)
 .debug_aranges
                0x00000510       0x28 C:/NXP/S32DS_ARM_v1.3/S32DS/arm_ewl2/lib/armv6-m\libc99.a(__scanformat.o)
 .debug_aranges
                0x00000538       0x88 C:/NXP/S32DS_ARM_v1.3/S32DS/arm_ewl2/lib/armv6-m\libc99.a(ctype_aeabi.o)
 .debug_aranges
                0x000005c0       0x40 C:/NXP/S32DS_ARM_v1.3/S32DS/arm_ewl2/lib/armv6-m\libc99.a(secure_error.o)
 .debug_aranges
                0x00000600       0x40 C:/NXP/S32DS_ARM_v1.3/S32DS/arm_ewl2/lib/armv6-m\libc99.a(__strtold.o)
 .debug_aranges
                0x00000640       0x38 C:/NXP/S32DS_ARM_v1.3/S32DS/arm_ewl2/lib/armv6-m\libc99.a(mbstowcs_s.o)
 .debug_aranges
                0x00000678       0x30 C:/NXP/S32DS_ARM_v1.3/S32DS/arm_ewl2/lib/armv6-m\libc99.a(mbtowc.o)
 .debug_aranges
                0x000006a8       0x58 C:/NXP/S32DS_ARM_v1.3/S32DS/arm_ewl2/lib/armv6-m\libc99.a(__strtoul.o)
 .debug_aranges
                0x00000700       0x58 C:/NXP/S32DS_ARM_v1.3/S32DS/arm_ewl2/lib/armv6-m\libc99.a(__strtoull.o)
 .debug_aranges
                0x00000758       0x30 C:/NXP/S32DS_ARM_v1.3/S32DS/arm_ewl2/lib/armv6-m\libc99.a(wctomb.o)
 .debug_aranges
                0x00000788       0x20 C:/NXP/S32DS_ARM_v1.3/S32DS/arm_ewl2/lib/armv6-m\libc99.a(__filll_mem.o)
 .debug_aranges
                0x000007a8       0x20 C:/NXP/S32DS_ARM_v1.3/S32DS/arm_ewl2/lib/armv6-m\libc99.a(memchr.o)
 .debug_aranges
                0x000007c8       0x20 C:/NXP/S32DS_ARM_v1.3/S32DS/arm_ewl2/lib/armv6-m\libc99.a(strchr.o)
 .debug_aranges
                0x000007e8       0x20 C:/NXP/S32DS_ARM_v1.3/S32DS/arm_ewl2/lib/armv6-m\libc99.a(strcpy.o)
 .debug_aranges
                0x00000808       0x20 C:/NXP/S32DS_ARM_v1.3/S32DS/arm_ewl2/lib/armv6-m\libc99.a(strncpy.o)
 .debug_aranges
                0x00000828       0xa0 C:/NXP/S32DS_ARM_v1.3/S32DS/arm_ewl2/lib/armv6-m\libc99.a(math_ARM.o)
 .debug_aranges
                0x000008c8       0x18 C:/NXP/S32DS_ARM_v1.3/S32DS/arm_ewl2/lib/armv6-m\libc99.a(errno.o)
 .debug_aranges
                0x000008e0       0x30 C:/NXP/S32DS_ARM_v1.3/S32DS/arm_ewl2/lib/armv6-m\libm.a(ansi_fp.o)
 .debug_aranges
                0x00000910       0x18 C:/NXP/S32DS_ARM_v1.3/S32DS/arm_ewl2/lib/armv6-m\libm.a(float.o)
 .debug_aranges
                0x00000928       0x60 C:/NXP/S32DS_ARM_v1.3/S32DS/arm_ewl2/lib/armv6-m\libm.a(math_api.o)
 .debug_aranges
                0x00000988       0x20 C:/NXP/S32DS_ARM_v1.3/S32DS/arm_ewl2/lib/armv6-m\libm.a(s_frexp.o)
 .debug_aranges
                0x000009a8       0x20 C:/NXP/S32DS_ARM_v1.3/S32DS/arm_ewl2/lib/armv6-m\libm.a(s_ldexp.o)
 .debug_aranges
                0x000009c8       0x20 C:/NXP/S32DS_ARM_v1.3/S32DS/arm_ewl2/lib/armv6-m\libm.a(w_pow.o)
 .debug_aranges
                0x000009e8       0x20 C:/NXP/S32DS_ARM_v1.3/S32DS/arm_ewl2/lib/armv6-m\libm.a(w_sqrt.o)
 .debug_aranges
                0x00000a08       0x20 C:/NXP/S32DS_ARM_v1.3/S32DS/arm_ewl2/lib/armv6-m\libm.a(e_pow.o)
 .debug_aranges
                0x00000a28       0x20 C:/NXP/S32DS_ARM_v1.3/S32DS/arm_ewl2/lib/armv6-m\libm.a(e_sqrt.o)
 .debug_aranges
                0x00000a48       0x20 C:/NXP/S32DS_ARM_v1.3/S32DS/arm_ewl2/lib/armv6-m\libm.a(scalbn.o)
 .debug_aranges
                0x00000a68       0x30 C:/NXP/S32DS_ARM_v1.3/S32DS/arm_ewl2/lib/armv6-m\librt.a(gcc_ctor_dtor.o)
 .debug_aranges
                0x00000a98       0x58 C:/NXP/S32DS_ARM_v1.3/S32DS/arm_ewl2/lib/armv6-m\librt.a(__arm_eabi_init.o)
 .debug_aranges
                0x00000af0       0x30 C:/NXP/S32DS_ARM_v1.3/S32DS/arm_ewl2/lib/armv6-m\librt.a(ROMCopy.o)

.debug_line     0x00000000     0x4e4a
 .debug_line    0x00000000       0x68 C:/NXP/S32DS_ARM_v1.3/S32DS/arm_ewl2/lib/armv6-m/__arm_start.o
 .debug_line    0x00000068      0x218 ./Project_Settings/Startup_Code/system_SKEAZ1284.o
 .debug_line    0x00000280       0x86 ./Project_Settings/Startup_Code/startup_SKEAZ1284.o
 .debug_line    0x00000306      0x2ef ./src/statisticsfunc.o
 .debug_line    0x000005f5      0x5f3 ./src/parsecommands.o
 .debug_line    0x00000be8      0x533 ./src/motorfuncs.o
 .debug_line    0x0000111b      0x543 ./src/main.o
 .debug_line    0x0000165e      0x290 ./src/UART.o
 .debug_line    0x000018ee      0x210 ./src/GPIO.o
 .debug_line    0x00001afe      0x295 ./src/FTM.o
 .debug_line    0x00001d93      0x1ef ./src/CLK.o
 .debug_line    0x00001f82      0x23a ./src/ADC.o
 .debug_line    0x000021bc       0xda C:/NXP/S32DS_ARM_v1.3/S32DS/arm_ewl2/lib/armv6-m\libc99.a(sprintf.o)
 .debug_line    0x00002296       0x91 C:/NXP/S32DS_ARM_v1.3/S32DS/arm_ewl2/lib/armv6-m\libc99.a(sscanf.o)
 .debug_line    0x00002327      0x110 C:/NXP/S32DS_ARM_v1.3/S32DS/arm_ewl2/lib/armv6-m\libc99.a(vsnprintf.o)
 .debug_line    0x00002437       0xc5 C:/NXP/S32DS_ARM_v1.3/S32DS/arm_ewl2/lib/armv6-m\libc99.a(vsscanf.o)
 .debug_line    0x000024fc       0x9e C:/NXP/S32DS_ARM_v1.3/S32DS/arm_ewl2/lib/armv6-m\libc99.a(exit.o)
 .debug_line    0x0000259a       0x8e C:/NXP/S32DS_ARM_v1.3/S32DS/arm_ewl2/lib/armv6-m\libc99.a(memcpy.o)
 .debug_line    0x00002628       0x90 C:/NXP/S32DS_ARM_v1.3/S32DS/arm_ewl2/lib/armv6-m\libc99.a(memset.o)
 .debug_line    0x000026b8       0x7a C:/NXP/S32DS_ARM_v1.3/S32DS/arm_ewl2/lib/armv6-m\libc99.a(strcat.o)
 .debug_line    0x00002732       0x83 C:/NXP/S32DS_ARM_v1.3/S32DS/arm_ewl2/lib/armv6-m\libc99.a(strcmp.o)
 .debug_line    0x000027b5       0x85 C:/NXP/S32DS_ARM_v1.3/S32DS/arm_ewl2/lib/armv6-m\libc99.a(strlen.o)
 .debug_line    0x0000283a      0x521 C:/NXP/S32DS_ARM_v1.3/S32DS/arm_ewl2/lib/armv6-m\libc99.a(__printformat.o)
 .debug_line    0x00002d5b      0x37d C:/NXP/S32DS_ARM_v1.3/S32DS/arm_ewl2/lib/armv6-m\libc99.a(__scanformat.o)
 .debug_line    0x000030d8      0x1b9 C:/NXP/S32DS_ARM_v1.3/S32DS/arm_ewl2/lib/armv6-m\libc99.a(ctype_aeabi.o)
 .debug_line    0x00003291       0xd8 C:/NXP/S32DS_ARM_v1.3/S32DS/arm_ewl2/lib/armv6-m\libc99.a(secure_error.o)
 .debug_line    0x00003369      0x33b C:/NXP/S32DS_ARM_v1.3/S32DS/arm_ewl2/lib/armv6-m\libc99.a(__strtold.o)
 .debug_line    0x000036a4      0x165 C:/NXP/S32DS_ARM_v1.3/S32DS/arm_ewl2/lib/armv6-m\libc99.a(mbstowcs_s.o)
 .debug_line    0x00003809       0xe9 C:/NXP/S32DS_ARM_v1.3/S32DS/arm_ewl2/lib/armv6-m\libc99.a(mbtowc.o)
 .debug_line    0x000038f2      0x1e9 C:/NXP/S32DS_ARM_v1.3/S32DS/arm_ewl2/lib/armv6-m\libc99.a(__strtoul.o)
 .debug_line    0x00003adb      0x1f5 C:/NXP/S32DS_ARM_v1.3/S32DS/arm_ewl2/lib/armv6-m\libc99.a(__strtoull.o)
 .debug_line    0x00003cd0       0xe3 C:/NXP/S32DS_ARM_v1.3/S32DS/arm_ewl2/lib/armv6-m\libc99.a(wctomb.o)
 .debug_line    0x00003db3       0xaf C:/NXP/S32DS_ARM_v1.3/S32DS/arm_ewl2/lib/armv6-m\libc99.a(__filll_mem.o)
 .debug_line    0x00003e62       0x93 C:/NXP/S32DS_ARM_v1.3/S32DS/arm_ewl2/lib/armv6-m\libc99.a(memchr.o)
 .debug_line    0x00003ef5       0x7c C:/NXP/S32DS_ARM_v1.3/S32DS/arm_ewl2/lib/armv6-m\libc99.a(strchr.o)
 .debug_line    0x00003f71       0x7d C:/NXP/S32DS_ARM_v1.3/S32DS/arm_ewl2/lib/armv6-m\libc99.a(strcpy.o)
 .debug_line    0x00003fee       0x8c C:/NXP/S32DS_ARM_v1.3/S32DS/arm_ewl2/lib/armv6-m\libc99.a(strncpy.o)
 .debug_line    0x0000407a      0x1b9 C:/NXP/S32DS_ARM_v1.3/S32DS/arm_ewl2/lib/armv6-m\libc99.a(math_ARM.o)
 .debug_line    0x00004233       0x4d C:/NXP/S32DS_ARM_v1.3/S32DS/arm_ewl2/lib/armv6-m\libc99.a(errno.o)
 .debug_line    0x00004280      0x1d2 C:/NXP/S32DS_ARM_v1.3/S32DS/arm_ewl2/lib/armv6-m\libm.a(ansi_fp.o)
 .debug_line    0x00004452       0x60 C:/NXP/S32DS_ARM_v1.3/S32DS/arm_ewl2/lib/armv6-m\libm.a(float.o)
 .debug_line    0x000044b2      0x179 C:/NXP/S32DS_ARM_v1.3/S32DS/arm_ewl2/lib/armv6-m\libm.a(math_api.o)
 .debug_line    0x0000462b       0xb9 C:/NXP/S32DS_ARM_v1.3/S32DS/arm_ewl2/lib/armv6-m\libm.a(s_frexp.o)
 .debug_line    0x000046e4       0xc7 C:/NXP/S32DS_ARM_v1.3/S32DS/arm_ewl2/lib/armv6-m\libm.a(s_ldexp.o)
 .debug_line    0x000047ab       0x73 C:/NXP/S32DS_ARM_v1.3/S32DS/arm_ewl2/lib/armv6-m\libm.a(w_pow.o)
 .debug_line    0x0000481e       0x74 C:/NXP/S32DS_ARM_v1.3/S32DS/arm_ewl2/lib/armv6-m\libm.a(w_sqrt.o)
 .debug_line    0x00004892      0x1fc C:/NXP/S32DS_ARM_v1.3/S32DS/arm_ewl2/lib/armv6-m\libm.a(e_pow.o)
 .debug_line    0x00004a8e      0x116 C:/NXP/S32DS_ARM_v1.3/S32DS/arm_ewl2/lib/armv6-m\libm.a(e_sqrt.o)
 .debug_line    0x00004ba4       0x77 C:/NXP/S32DS_ARM_v1.3/S32DS/arm_ewl2/lib/armv6-m\libm.a(scalbn.o)
 .debug_line    0x00004c1b       0x74 C:/NXP/S32DS_ARM_v1.3/S32DS/arm_ewl2/lib/armv6-m\librt.a(gcc_ctor_dtor.o)
 .debug_line    0x00004c8f      0x10f C:/NXP/S32DS_ARM_v1.3/S32DS/arm_ewl2/lib/armv6-m\librt.a(__arm_eabi_init.o)
 .debug_line    0x00004d9e       0xac C:/NXP/S32DS_ARM_v1.3/S32DS/arm_ewl2/lib/armv6-m\librt.a(ROMCopy.o)

.debug_str      0x00000000    0x317bb
 .debug_str     0x00000000      0x1ed C:/NXP/S32DS_ARM_v1.3/S32DS/arm_ewl2/lib/armv6-m/__arm_start.o
                                0x276 (size before relaxing)
 .debug_str     0x000001ed    0x2c804 ./Project_Settings/Startup_Code/system_SKEAZ1284.o
                              0x2cbb1 (size before relaxing)
 .debug_str     0x0002c9f1      0x1c2 ./src/statisticsfunc.o
                              0x2cc59 (size before relaxing)
 .debug_str     0x0002cbb3     0x1275 ./src/parsecommands.o
                              0x2dea0 (size before relaxing)
 .debug_str     0x0002de28      0x1f9 ./src/motorfuncs.o
                              0x2df9c (size before relaxing)
 .debug_str     0x0002e021     0x1f4f ./src/main.o
                              0x2fdba (size before relaxing)
 .debug_str     0x0002ff70       0x81 ./src/UART.o
                              0x2ccd5 (size before relaxing)
 .debug_str     0x0002fff1       0x18 ./src/GPIO.o
                              0x2d86a (size before relaxing)
 .debug_str     0x00030009       0x55 ./src/FTM.o
                              0x2cc63 (size before relaxing)
 .debug_str     0x0003005e       0x16 ./src/CLK.o
                              0x2caba (size before relaxing)
 .debug_str     0x00030074       0x50 ./src/ADC.o
                              0x2cc7e (size before relaxing)
 .debug_str     0x000300c4      0x2ef C:/NXP/S32DS_ARM_v1.3/S32DS/arm_ewl2/lib/armv6-m\libc99.a(sprintf.o)
                                0x3fa (size before relaxing)
 .debug_str     0x000303b3       0x13 C:/NXP/S32DS_ARM_v1.3/S32DS/arm_ewl2/lib/armv6-m\libc99.a(sscanf.o)
                                0x246 (size before relaxing)
 .debug_str     0x000303c6       0x83 C:/NXP/S32DS_ARM_v1.3/S32DS/arm_ewl2/lib/armv6-m\libc99.a(vsnprintf.o)
                                0x45c (size before relaxing)
 .debug_str     0x00030449       0xa3 C:/NXP/S32DS_ARM_v1.3/S32DS/arm_ewl2/lib/armv6-m\libc99.a(vsscanf.o)
                                0x2ca (size before relaxing)
 .debug_str     0x000304ec       0x3b C:/NXP/S32DS_ARM_v1.3/S32DS/arm_ewl2/lib/armv6-m\libc99.a(exit.o)
                                0x242 (size before relaxing)
 .debug_str     0x00030527       0x1c C:/NXP/S32DS_ARM_v1.3/S32DS/arm_ewl2/lib/armv6-m\libc99.a(memcpy.o)
                                0x21d (size before relaxing)
 .debug_str     0x00030543       0x1c C:/NXP/S32DS_ARM_v1.3/S32DS/arm_ewl2/lib/armv6-m\libc99.a(memset.o)
                                0x225 (size before relaxing)
 .debug_str     0x0003055f       0x15 C:/NXP/S32DS_ARM_v1.3/S32DS/arm_ewl2/lib/armv6-m\libc99.a(strcat.o)
                                0x216 (size before relaxing)
 .debug_str     0x00030574       0x15 C:/NXP/S32DS_ARM_v1.3/S32DS/arm_ewl2/lib/armv6-m\libc99.a(strcmp.o)
                                0x237 (size before relaxing)
 .debug_str     0x00030589       0x1c C:/NXP/S32DS_ARM_v1.3/S32DS/arm_ewl2/lib/armv6-m\libc99.a(strlen.o)
                                0x225 (size before relaxing)
 .debug_str     0x000305a5      0x359 C:/NXP/S32DS_ARM_v1.3/S32DS/arm_ewl2/lib/armv6-m\libc99.a(__printformat.o)
                                0x814 (size before relaxing)
 .debug_str     0x000308fe      0x152 C:/NXP/S32DS_ARM_v1.3/S32DS/arm_ewl2/lib/armv6-m\libc99.a(__scanformat.o)
                                0x77b (size before relaxing)
 .debug_str     0x00030a50       0x9d C:/NXP/S32DS_ARM_v1.3/S32DS/arm_ewl2/lib/armv6-m\libc99.a(ctype_aeabi.o)
                                0x2a1 (size before relaxing)
 .debug_str     0x00030aed       0xd0 C:/NXP/S32DS_ARM_v1.3/S32DS/arm_ewl2/lib/armv6-m\libc99.a(secure_error.o)
                                0x2d8 (size before relaxing)
 .debug_str     0x00030bbd      0x283 C:/NXP/S32DS_ARM_v1.3/S32DS/arm_ewl2/lib/armv6-m\libc99.a(__strtold.o)
                                0x643 (size before relaxing)
 .debug_str     0x00030e40       0x6b C:/NXP/S32DS_ARM_v1.3/S32DS/arm_ewl2/lib/armv6-m\libc99.a(mbstowcs_s.o)
                                0x448 (size before relaxing)
 .debug_str     0x00030eab       0x2b C:/NXP/S32DS_ARM_v1.3/S32DS/arm_ewl2/lib/armv6-m\libc99.a(mbtowc.o)
                                0x3ee (size before relaxing)
 .debug_str     0x00030ed6       0x90 C:/NXP/S32DS_ARM_v1.3/S32DS/arm_ewl2/lib/armv6-m\libc99.a(__strtoul.o)
                                0x51d (size before relaxing)
 .debug_str     0x00030f66       0x2a C:/NXP/S32DS_ARM_v1.3/S32DS/arm_ewl2/lib/armv6-m\libc99.a(__strtoull.o)
                                0x51e (size before relaxing)
 .debug_str     0x00030f90       0x2b C:/NXP/S32DS_ARM_v1.3/S32DS/arm_ewl2/lib/armv6-m\libc99.a(wctomb.o)
                                0x3ec (size before relaxing)
 .debug_str     0x00030fbb       0x25 C:/NXP/S32DS_ARM_v1.3/S32DS/arm_ewl2/lib/armv6-m\libc99.a(__filll_mem.o)
                                0x237 (size before relaxing)
 .debug_str     0x00030fe0       0x1c C:/NXP/S32DS_ARM_v1.3/S32DS/arm_ewl2/lib/armv6-m\libc99.a(memchr.o)
                                0x22d (size before relaxing)
 .debug_str     0x00030ffc       0x1c C:/NXP/S32DS_ARM_v1.3/S32DS/arm_ewl2/lib/armv6-m\libc99.a(strchr.o)
                                0x21c (size before relaxing)
 .debug_str     0x00031018       0x1c C:/NXP/S32DS_ARM_v1.3/S32DS/arm_ewl2/lib/armv6-m\libc99.a(strcpy.o)
                                0x227 (size before relaxing)
 .debug_str     0x00031034       0x1e C:/NXP/S32DS_ARM_v1.3/S32DS/arm_ewl2/lib/armv6-m\libc99.a(strncpy.o)
                                0x21f (size before relaxing)
 .debug_str     0x00031052      0x170 C:/NXP/S32DS_ARM_v1.3/S32DS/arm_ewl2/lib/armv6-m\libc99.a(math_ARM.o)
                                0x399 (size before relaxing)
 .debug_str     0x000311c2       0x12 C:/NXP/S32DS_ARM_v1.3/S32DS/arm_ewl2/lib/armv6-m\libc99.a(errno.o)
                                0x211 (size before relaxing)
 .debug_str     0x000311d4       0x84 C:/NXP/S32DS_ARM_v1.3/S32DS/arm_ewl2/lib/armv6-m\libm.a(ansi_fp.o)
                                0x2fe (size before relaxing)
 .debug_str     0x00031258       0xc0 C:/NXP/S32DS_ARM_v1.3/S32DS/arm_ewl2/lib/armv6-m\libm.a(float.o)
                                0x30a (size before relaxing)
 .debug_str     0x00031318       0xdf C:/NXP/S32DS_ARM_v1.3/S32DS/arm_ewl2/lib/armv6-m\libm.a(math_api.o)
                                0x30d (size before relaxing)
 .debug_str     0x000313f7       0x24 C:/NXP/S32DS_ARM_v1.3/S32DS/arm_ewl2/lib/armv6-m\libm.a(s_frexp.o)
                                0x242 (size before relaxing)
 .debug_str     0x0003141b       0x20 C:/NXP/S32DS_ARM_v1.3/S32DS/arm_ewl2/lib/armv6-m\libm.a(s_ldexp.o)
                                0x249 (size before relaxing)
 .debug_str     0x0003143b       0x11 C:/NXP/S32DS_ARM_v1.3/S32DS/arm_ewl2/lib/armv6-m\libm.a(w_pow.o)
                                0x20a (size before relaxing)
 .debug_str     0x0003144c       0x12 C:/NXP/S32DS_ARM_v1.3/S32DS/arm_ewl2/lib/armv6-m\libm.a(w_sqrt.o)
                                0x210 (size before relaxing)
 .debug_str     0x0003145e       0x67 C:/NXP/S32DS_ARM_v1.3/S32DS/arm_ewl2/lib/armv6-m\libm.a(e_pow.o)
                                0x2b2 (size before relaxing)
 .debug_str     0x000314c5       0x21 C:/NXP/S32DS_ARM_v1.3/S32DS/arm_ewl2/lib/armv6-m\libm.a(e_sqrt.o)
                                0x263 (size before relaxing)
 .debug_str     0x000314e6       0x1e C:/NXP/S32DS_ARM_v1.3/S32DS/arm_ewl2/lib/armv6-m\libm.a(scalbn.o)
                                0x224 (size before relaxing)
 .debug_str     0x00031504      0x113 C:/NXP/S32DS_ARM_v1.3/S32DS/arm_ewl2/lib/armv6-m\librt.a(gcc_ctor_dtor.o)
                                0x294 (size before relaxing)
 .debug_str     0x00031617      0x103 C:/NXP/S32DS_ARM_v1.3/S32DS/arm_ewl2/lib/armv6-m\librt.a(__arm_eabi_init.o)
                                0x2bb (size before relaxing)
 .debug_str     0x0003171a       0xa1 C:/NXP/S32DS_ARM_v1.3/S32DS/arm_ewl2/lib/armv6-m\librt.a(ROMCopy.o)
                                0x239 (size before relaxing)

.comment        0x00000000       0x70
 .comment       0x00000000       0x70 C:/NXP/S32DS_ARM_v1.3/S32DS/arm_ewl2/lib/armv6-m/__arm_start.o
                                 0x71 (size before relaxing)
 .comment       0x00000000       0x71 ./Project_Settings/Startup_Code/system_SKEAZ1284.o
 .comment       0x00000000       0x71 ./src/statisticsfunc.o
 .comment       0x00000000       0x71 ./src/parsecommands.o
 .comment       0x00000000       0x71 ./src/motorfuncs.o
 .comment       0x00000000       0x71 ./src/main.o
 .comment       0x00000000       0x71 ./src/UART.o
 .comment       0x00000000       0x71 ./src/GPIO.o
 .comment       0x00000000       0x71 ./src/FTM.o
 .comment       0x00000000       0x71 ./src/CLK.o
 .comment       0x00000000       0x71 ./src/ADC.o
 .comment       0x00000000       0x71 C:/NXP/S32DS_ARM_v1.3/S32DS/arm_ewl2/lib/armv6-m\libc99.a(sprintf.o)
 .comment       0x00000000       0x71 C:/NXP/S32DS_ARM_v1.3/S32DS/arm_ewl2/lib/armv6-m\libc99.a(sscanf.o)
 .comment       0x00000000       0x71 C:/NXP/S32DS_ARM_v1.3/S32DS/arm_ewl2/lib/armv6-m\libc99.a(vsnprintf.o)
 .comment       0x00000000       0x71 C:/NXP/S32DS_ARM_v1.3/S32DS/arm_ewl2/lib/armv6-m\libc99.a(vsscanf.o)
 .comment       0x00000000       0x71 C:/NXP/S32DS_ARM_v1.3/S32DS/arm_ewl2/lib/armv6-m\libc99.a(exit.o)
 .comment       0x00000000       0x71 C:/NXP/S32DS_ARM_v1.3/S32DS/arm_ewl2/lib/armv6-m\libc99.a(memcpy.o)
 .comment       0x00000000       0x71 C:/NXP/S32DS_ARM_v1.3/S32DS/arm_ewl2/lib/armv6-m\libc99.a(memset.o)
 .comment       0x00000000       0x71 C:/NXP/S32DS_ARM_v1.3/S32DS/arm_ewl2/lib/armv6-m\libc99.a(strcat.o)
 .comment       0x00000000       0x71 C:/NXP/S32DS_ARM_v1.3/S32DS/arm_ewl2/lib/armv6-m\libc99.a(strcmp.o)
 .comment       0x00000000       0x71 C:/NXP/S32DS_ARM_v1.3/S32DS/arm_ewl2/lib/armv6-m\libc99.a(strlen.o)
 .comment       0x00000000       0x71 C:/NXP/S32DS_ARM_v1.3/S32DS/arm_ewl2/lib/armv6-m\libc99.a(__printformat.o)
 .comment       0x00000000       0x71 C:/NXP/S32DS_ARM_v1.3/S32DS/arm_ewl2/lib/armv6-m\libc99.a(__scanformat.o)
 .comment       0x00000000       0x71 C:/NXP/S32DS_ARM_v1.3/S32DS/arm_ewl2/lib/armv6-m\libc99.a(ctype_aeabi.o)
 .comment       0x00000000       0x71 C:/NXP/S32DS_ARM_v1.3/S32DS/arm_ewl2/lib/armv6-m\libc99.a(secure_error.o)
 .comment       0x00000000       0x71 C:/NXP/S32DS_ARM_v1.3/S32DS/arm_ewl2/lib/armv6-m\libc99.a(__strtold.o)
 .comment       0x00000000       0x71 C:/NXP/S32DS_ARM_v1.3/S32DS/arm_ewl2/lib/armv6-m\libc99.a(mbstowcs_s.o)
 .comment       0x00000000       0x71 C:/NXP/S32DS_ARM_v1.3/S32DS/arm_ewl2/lib/armv6-m\libc99.a(mbtowc.o)
 .comment       0x00000000       0x71 C:/NXP/S32DS_ARM_v1.3/S32DS/arm_ewl2/lib/armv6-m\libc99.a(__strtoul.o)
 .comment       0x00000000       0x71 C:/NXP/S32DS_ARM_v1.3/S32DS/arm_ewl2/lib/armv6-m\libc99.a(__strtoull.o)
 .comment       0x00000000       0x71 C:/NXP/S32DS_ARM_v1.3/S32DS/arm_ewl2/lib/armv6-m\libc99.a(wctomb.o)
 .comment       0x00000000       0x71 C:/NXP/S32DS_ARM_v1.3/S32DS/arm_ewl2/lib/armv6-m\libc99.a(__filll_mem.o)
 .comment       0x00000000       0x71 C:/NXP/S32DS_ARM_v1.3/S32DS/arm_ewl2/lib/armv6-m\libc99.a(memchr.o)
 .comment       0x00000000       0x71 C:/NXP/S32DS_ARM_v1.3/S32DS/arm_ewl2/lib/armv6-m\libc99.a(strchr.o)
 .comment       0x00000000       0x71 C:/NXP/S32DS_ARM_v1.3/S32DS/arm_ewl2/lib/armv6-m\libc99.a(strcpy.o)
 .comment       0x00000000       0x71 C:/NXP/S32DS_ARM_v1.3/S32DS/arm_ewl2/lib/armv6-m\libc99.a(strncpy.o)
 .comment       0x00000000       0x71 C:/NXP/S32DS_ARM_v1.3/S32DS/arm_ewl2/lib/armv6-m\libc99.a(math_ARM.o)
 .comment       0x00000000       0x71 C:/NXP/S32DS_ARM_v1.3/S32DS/arm_ewl2/lib/armv6-m\libc99.a(errno.o)
 .comment       0x00000000       0x71 C:/NXP/S32DS_ARM_v1.3/S32DS/arm_ewl2/lib/armv6-m\libm.a(ansi_fp.o)
 .comment       0x00000000       0x71 C:/NXP/S32DS_ARM_v1.3/S32DS/arm_ewl2/lib/armv6-m\libm.a(float.o)
 .comment       0x00000000       0x71 C:/NXP/S32DS_ARM_v1.3/S32DS/arm_ewl2/lib/armv6-m\libm.a(math_api.o)
 .comment       0x00000000       0x71 C:/NXP/S32DS_ARM_v1.3/S32DS/arm_ewl2/lib/armv6-m\libm.a(s_frexp.o)
 .comment       0x00000000       0x71 C:/NXP/S32DS_ARM_v1.3/S32DS/arm_ewl2/lib/armv6-m\libm.a(s_ldexp.o)
 .comment       0x00000000       0x71 C:/NXP/S32DS_ARM_v1.3/S32DS/arm_ewl2/lib/armv6-m\libm.a(w_pow.o)
 .comment       0x00000000       0x71 C:/NXP/S32DS_ARM_v1.3/S32DS/arm_ewl2/lib/armv6-m\libm.a(w_sqrt.o)
 .comment       0x00000000       0x71 C:/NXP/S32DS_ARM_v1.3/S32DS/arm_ewl2/lib/armv6-m\libm.a(e_pow.o)
 .comment       0x00000000       0x71 C:/NXP/S32DS_ARM_v1.3/S32DS/arm_ewl2/lib/armv6-m\libm.a(e_sqrt.o)
 .comment       0x00000000       0x71 C:/NXP/S32DS_ARM_v1.3/S32DS/arm_ewl2/lib/armv6-m\libm.a(scalbn.o)
 .comment       0x00000000       0x71 C:/NXP/S32DS_ARM_v1.3/S32DS/arm_ewl2/lib/armv6-m\librt.a(gcc_ctor_dtor.o)
 .comment       0x00000000       0x71 C:/NXP/S32DS_ARM_v1.3/S32DS/arm_ewl2/lib/armv6-m\librt.a(__arm_eabi_init.o)
 .comment       0x00000000       0x71 C:/NXP/S32DS_ARM_v1.3/S32DS/arm_ewl2/lib/armv6-m\librt.a(ROMCopy.o)

.debug_frame    0x00000000     0x1c24
 .debug_frame   0x00000000       0x30 C:/NXP/S32DS_ARM_v1.3/S32DS/arm_ewl2/lib/armv6-m/__arm_start.o
 .debug_frame   0x00000030       0x4c ./Project_Settings/Startup_Code/system_SKEAZ1284.o
 .debug_frame   0x0000007c       0xb0 ./src/statisticsfunc.o
 .debug_frame   0x0000012c       0x54 ./src/parsecommands.o
 .debug_frame   0x00000180      0x2c4 ./src/motorfuncs.o
 .debug_frame   0x00000444      0x210 ./src/main.o
 .debug_frame   0x00000654       0xac ./src/UART.o
 .debug_frame   0x00000700       0x2c ./src/GPIO.o
 .debug_frame   0x0000072c      0x14c ./src/FTM.o
 .debug_frame   0x00000878       0x2c ./src/CLK.o
 .debug_frame   0x000008a4       0x8c ./src/ADC.o
 .debug_frame   0x00000930       0x44 C:/NXP/S32DS_ARM_v1.3/S32DS/arm_ewl2/lib/armv6-m\libc99.a(sprintf.o)
 .debug_frame   0x00000974       0x2c C:/NXP/S32DS_ARM_v1.3/S32DS/arm_ewl2/lib/armv6-m\libc99.a(sscanf.o)
 .debug_frame   0x000009a0       0x64 C:/NXP/S32DS_ARM_v1.3/S32DS/arm_ewl2/lib/armv6-m\libc99.a(vsnprintf.o)
 .debug_frame   0x00000a04       0x40 C:/NXP/S32DS_ARM_v1.3/S32DS/arm_ewl2/lib/armv6-m\libc99.a(vsscanf.o)
 .debug_frame   0x00000a44       0x44 C:/NXP/S32DS_ARM_v1.3/S32DS/arm_ewl2/lib/armv6-m\libc99.a(exit.o)
 .debug_frame   0x00000a88       0x28 C:/NXP/S32DS_ARM_v1.3/S32DS/arm_ewl2/lib/armv6-m\libc99.a(memcpy.o)
 .debug_frame   0x00000ab0       0x28 C:/NXP/S32DS_ARM_v1.3/S32DS/arm_ewl2/lib/armv6-m\libc99.a(memset.o)
 .debug_frame   0x00000ad8       0x28 C:/NXP/S32DS_ARM_v1.3/S32DS/arm_ewl2/lib/armv6-m\libc99.a(strcat.o)
 .debug_frame   0x00000b00       0x20 C:/NXP/S32DS_ARM_v1.3/S32DS/arm_ewl2/lib/armv6-m\libc99.a(strcmp.o)
 .debug_frame   0x00000b20       0x20 C:/NXP/S32DS_ARM_v1.3/S32DS/arm_ewl2/lib/armv6-m\libc99.a(strlen.o)
 .debug_frame   0x00000b40       0xc8 C:/NXP/S32DS_ARM_v1.3/S32DS/arm_ewl2/lib/armv6-m\libc99.a(__printformat.o)
 .debug_frame   0x00000c08       0x4c C:/NXP/S32DS_ARM_v1.3/S32DS/arm_ewl2/lib/armv6-m\libc99.a(__scanformat.o)
 .debug_frame   0x00000c54       0xf0 C:/NXP/S32DS_ARM_v1.3/S32DS/arm_ewl2/lib/armv6-m\libc99.a(ctype_aeabi.o)
 .debug_frame   0x00000d44       0x70 C:/NXP/S32DS_ARM_v1.3/S32DS/arm_ewl2/lib/armv6-m\libc99.a(secure_error.o)
 .debug_frame   0x00000db4       0xa0 C:/NXP/S32DS_ARM_v1.3/S32DS/arm_ewl2/lib/armv6-m\libc99.a(__strtold.o)
 .debug_frame   0x00000e54       0x88 C:/NXP/S32DS_ARM_v1.3/S32DS/arm_ewl2/lib/armv6-m\libc99.a(mbstowcs_s.o)
 .debug_frame   0x00000edc       0x50 C:/NXP/S32DS_ARM_v1.3/S32DS/arm_ewl2/lib/armv6-m\libc99.a(mbtowc.o)
 .debug_frame   0x00000f2c       0xe0 C:/NXP/S32DS_ARM_v1.3/S32DS/arm_ewl2/lib/armv6-m\libc99.a(__strtoul.o)
 .debug_frame   0x0000100c       0xe0 C:/NXP/S32DS_ARM_v1.3/S32DS/arm_ewl2/lib/armv6-m\libc99.a(__strtoull.o)
 .debug_frame   0x000010ec       0x50 C:/NXP/S32DS_ARM_v1.3/S32DS/arm_ewl2/lib/armv6-m\libc99.a(wctomb.o)
 .debug_frame   0x0000113c       0x2c C:/NXP/S32DS_ARM_v1.3/S32DS/arm_ewl2/lib/armv6-m\libc99.a(__filll_mem.o)
 .debug_frame   0x00001168       0x28 C:/NXP/S32DS_ARM_v1.3/S32DS/arm_ewl2/lib/armv6-m\libc99.a(memchr.o)
 .debug_frame   0x00001190       0x20 C:/NXP/S32DS_ARM_v1.3/S32DS/arm_ewl2/lib/armv6-m\libc99.a(strchr.o)
 .debug_frame   0x000011b0       0x20 C:/NXP/S32DS_ARM_v1.3/S32DS/arm_ewl2/lib/armv6-m\libc99.a(strcpy.o)
 .debug_frame   0x000011d0       0x2c C:/NXP/S32DS_ARM_v1.3/S32DS/arm_ewl2/lib/armv6-m\libc99.a(strncpy.o)
 .debug_frame   0x000011fc      0x1ac C:/NXP/S32DS_ARM_v1.3/S32DS/arm_ewl2/lib/armv6-m\libc99.a(math_ARM.o)
 .debug_frame   0x000013a8       0x6c C:/NXP/S32DS_ARM_v1.3/S32DS/arm_ewl2/lib/armv6-m\libm.a(ansi_fp.o)
 .debug_frame   0x00001414       0xd0 C:/NXP/S32DS_ARM_v1.3/S32DS/arm_ewl2/lib/armv6-m\libm.a(math_api.o)
 .debug_frame   0x000014e4       0x2c C:/NXP/S32DS_ARM_v1.3/S32DS/arm_ewl2/lib/armv6-m\libm.a(s_frexp.o)
 .debug_frame   0x00001510       0x34 C:/NXP/S32DS_ARM_v1.3/S32DS/arm_ewl2/lib/armv6-m\libm.a(s_ldexp.o)
 .debug_frame   0x00001544       0x28 C:/NXP/S32DS_ARM_v1.3/S32DS/arm_ewl2/lib/armv6-m\libm.a(w_pow.o)
 .debug_frame   0x0000156c       0x28 C:/NXP/S32DS_ARM_v1.3/S32DS/arm_ewl2/lib/armv6-m\libm.a(w_sqrt.o)
 .debug_frame   0x00001594       0x34 C:/NXP/S32DS_ARM_v1.3/S32DS/arm_ewl2/lib/armv6-m\libm.a(e_pow.o)
 .debug_frame   0x000015c8       0x30 C:/NXP/S32DS_ARM_v1.3/S32DS/arm_ewl2/lib/armv6-m\libm.a(e_sqrt.o)
 .debug_frame   0x000015f8       0x2c C:/NXP/S32DS_ARM_v1.3/S32DS/arm_ewl2/lib/armv6-m\libm.a(scalbn.o)